[debug] [2026-10-10T05:09:34.740Z] ----------------------------------------------------------------------
[debug] [2026-10-10T05:09:34.743Z] Command:       C:\Program Files\nodejs\node.exe C:\Users\conne\AppData\Roaming\npm\node_modules\firebase-tools\lib\bin\firebase.js emulators:start --only functions --project talk-therapy-509209
[debug] [2026-10-10T05:09:34.744Z] CLI Version:   15.1.0
[debug] [2026-10-10T05:09:34.744Z] Platform:      win32
[debug] [2026-10-10T05:09:34.744Z] Node Version:  v24.11.1
[debug] [2026-10-10T05:09:34.744Z] Time:          Sat Oct 10 2026 05:09:34 GMT+0000 (Greenwich Mean Time)
[debug] [2026-10-10T05:09:34.744Z] ----------------------------------------------------------------------
[debug] 
[debug] [2026-10-10T05:09:37.901Z] > command requires scopes: ["email","openid","https://www.googleapis.com/auth/cloudplatformprojects.readonly","https://www.googleapis.com/auth/firebase","https://www.googleapis.com/auth/cloud-platform"]
[debug] [2026-10-10T05:09:37.902Z] > authorizing via signed-in user (davelabs01@gmail.com)
[info] i  emulators: Starting emulators: functions {"metadata":{"emulator":{"name":"hub"},"message":"Starting emulators: functions"}}
[debug] [2026-10-10T05:09:37.912Z] [logging] Logging Emulator only supports listening on one address (127.0.0.1). Not listening on ::1
[debug] [2026-10-10T05:09:37.912Z] assigned listening specs for emulators {"user":{"hub":[{"address":"127.0.0.1","family":"IPv4","port":4400},{"address":"::1","family":"IPv6","port":4400}],"ui":[{"address":"127.0.0.1","family":"IPv4","port":4000},{"address":"::1","family":"IPv6","port":4000}],"logging":[{"address":"127.0.0.1","family":"IPv4","port":4500}]},"metadata":{"message":"assigned listening specs for emulators"}}
[debug] [2026-10-10T05:09:37.917Z] Emulator locator file path: C:\Users\conne\AppData\Local\Temp\hub-talk-therapy-509209.json
[debug] [2026-10-10T05:09:37.918Z] [hub] writing locator at C:\Users\conne\AppData\Local\Temp\hub-talk-therapy-509209.json
[debug] [2026-10-10T05:09:37.933Z] [functions] Functions Emulator only supports listening on one address (127.0.0.1). Not listening on ::1
[debug] [2026-10-10T05:09:37.933Z] [eventarc] Eventarc Emulator only supports listening on one address (127.0.0.1). Not listening on ::1
[debug] [2026-10-10T05:09:37.933Z] [tasks] Cloud Tasks Emulator only supports listening on one address (127.0.0.1). Not listening on ::1
[debug] [2026-10-10T05:09:37.933Z] late-assigned ports for functions and eventarc emulators {"user":{"hub":[{"address":"127.0.0.1","family":"IPv4","port":4400},{"address":"::1","family":"IPv6","port":4400}],"ui":[{"address":"127.0.0.1","family":"IPv4","port":4000},{"address":"::1","family":"IPv6","port":4000}],"logging":[{"address":"127.0.0.1","family":"IPv4","port":4500}],"functions":[{"address":"127.0.0.1","family":"IPv4","port":5001}],"eventarc":[{"address":"127.0.0.1","family":"IPv4","port":9299}],"tasks":[{"address":"127.0.0.1","family":"IPv4","port":9499}]},"metadata":{"message":"late-assigned ports for functions and eventarc emulators"}}
[warn] !  functions: The following emulators are not running, calls to these services from the Functions emulator will affect production: apphosting, auth, firestore, database, hosting, pubsub, storage, dataconnect {"metadata":{"emulator":{"name":"functions"},"message":"The following emulators are not running, calls to these services from the Functions emulator will affect production: \u001b[1mapphosting, auth, firestore, database, hosting, pubsub, storage, dataconnect\u001b[22m"}}
[warn] !  functions: Application Default Credentials detected. Non-emulated services will access production using these credentials. Be careful! {"metadata":{"emulator":{"name":"functions"},"message":"Application Default Credentials detected. Non-emulated services will access production using these credentials. Be careful!"}}
[debug] [2026-10-10T05:09:37.941Z] Checked if tokens are valid: true, expires at: 1791612337170
[debug] [2026-10-10T05:09:37.941Z] Checked if tokens are valid: true, expires at: 1791612337170
[debug] [2026-10-10T05:09:37.942Z] >>> [apiv2][query] GET https://firebase.googleapis.com/v1beta1/projects/talk-therapy-509209/adminSdkConfig [none]
[debug] [2026-10-10T05:09:38.719Z] <<< [apiv2][status] GET https://firebase.googleapis.com/v1beta1/projects/talk-therapy-509209/adminSdkConfig 200
[debug] [2026-10-10T05:09:38.719Z] <<< [apiv2][body] GET https://firebase.googleapis.com/v1beta1/projects/talk-therapy-509209/adminSdkConfig {"projectId":"talk-therapy-509209","storageBucket":"talk-therapy-509209.firebasestorage.app"}
[info] i  ui: downloading ui-v1.15.0.zip... {"metadata":{"emulator":{"name":"ui"},"message":"downloading ui-v1.15.0.zip..."}}
[debug] [2026-10-10T05:09:38.752Z] >>> [apiv2][query] GET https://storage.googleapis.com/firebase-preview-drop/emulator/ui-v1.15.0.zip 
[debug] [2026-10-10T05:09:39.254Z] <<< [apiv2][status] GET https://storage.googleapis.com/firebase-preview-drop/emulator/ui-v1.15.0.zip 200
[debug] [2026-10-10T05:09:39.254Z] <<< [apiv2][body] GET https://storage.googleapis.com/firebase-preview-drop/emulator/ui-v1.15.0.zip [stream]
[debug] [2026-10-10T05:09:43.878Z] Data is 3538469
[debug] [2026-10-10T05:09:43.878Z] [unzip] Entry: client/ (compressed_size=0 bytes, uncompressed_size=0 bytes)
[debug] [2026-10-10T05:09:43.879Z] [unzip] Processing entry: client\
[debug] [2026-10-10T05:09:43.879Z] [unzip] mkdir: C:\Users\conne\.cache\firebase\emulators\ui-v1.15.0\client\
[debug] [2026-10-10T05:09:43.880Z] [unzip] Entry: client/favicon-16x16.png (compressed_size=293 bytes, uncompressed_size=293 bytes)
[debug] [2026-10-10T05:09:43.880Z] [unzip] Processing entry: client\favicon-16x16.png
[debug] [2026-10-10T05:09:43.880Z] [unzip] else mkdir: C:\Users\conne\.cache\firebase\emulators\ui-v1.15.0\client
[debug] [2026-10-10T05:09:43.880Z] [unzip] Writing file: C:\Users\conne\.cache\firebase\emulators\ui-v1.15.0\client\favicon-16x16.png
[debug] [2026-10-10T05:09:43.882Z] [unzip] Entry: client/safari-pinned-tab.svg (compressed_size=1433 bytes, uncompressed_size=2611 bytes)
[debug] [2026-10-10T05:09:43.882Z] [unzip] Processing entry: client\safari-pinned-tab.svg
[debug] [2026-10-10T05:09:43.882Z] [unzip] else mkdir: C:\Users\conne\.cache\firebase\emulators\ui-v1.15.0\client
[debug] [2026-10-10T05:09:43.882Z] [unzip] deflating: C:\Users\conne\.cache\firebase\emulators\ui-v1.15.0\client\safari-pinned-tab.svg
[debug] [2026-10-10T05:09:43.885Z] [unzip] Entry: client/favicon.ico (compressed_size=2933 bytes, uncompressed_size=13294 bytes)
[debug] [2026-10-10T05:09:43.885Z] [unzip] Processing entry: client\favicon.ico
[debug] [2026-10-10T05:09:43.885Z] [unzip] else mkdir: C:\Users\conne\.cache\firebase\emulators\ui-v1.15.0\client
[debug] [2026-10-10T05:09:43.886Z] [unzip] deflating: C:\Users\conne\.cache\firebase\emulators\ui-v1.15.0\client\favicon.ico
[debug] [2026-10-10T05:09:43.887Z] [unzip] Entry: client/index.html (compressed_size=1364 bytes, uncompressed_size=3071 bytes)
[debug] [2026-10-10T05:09:43.887Z] [unzip] Processing entry: client\index.html
[debug] [2026-10-10T05:09:43.887Z] [unzip] else mkdir: C:\Users\conne\.cache\firebase\emulators\ui-v1.15.0\client
[debug] [2026-10-10T05:09:43.888Z] [unzip] deflating: C:\Users\conne\.cache\firebase\emulators\ui-v1.15.0\client\index.html
[debug] [2026-10-10T05:09:43.889Z] [unzip] Entry: client/android-chrome-192x192.png (compressed_size=2684 bytes, uncompressed_size=2684 bytes)
[debug] [2026-10-10T05:09:43.889Z] [unzip] Processing entry: client\android-chrome-192x192.png
[debug] [2026-10-10T05:09:43.889Z] [unzip] else mkdir: C:\Users\conne\.cache\firebase\emulators\ui-v1.15.0\client
[debug] [2026-10-10T05:09:43.890Z] [unzip] Writing file: C:\Users\conne\.cache\firebase\emulators\ui-v1.15.0\client\android-chrome-192x192.png
[debug] [2026-10-10T05:09:43.891Z] [unzip] Entry: client/apple-touch-icon.png (compressed_size=2123 bytes, uncompressed_size=2152 bytes)
[debug] [2026-10-10T05:09:43.891Z] [unzip] Processing entry: client\apple-touch-icon.png
[debug] [2026-10-10T05:09:43.891Z] [unzip] else mkdir: C:\Users\conne\.cache\firebase\emulators\ui-v1.15.0\client
[debug] [2026-10-10T05:09:43.891Z] [unzip] deflating: C:\Users\conne\.cache\firebase\emulators\ui-v1.15.0\client\apple-touch-icon.png
[debug] [2026-10-10T05:09:43.893Z] [unzip] Entry: client/android-chrome-512x512.png (compressed_size=5369 bytes, uncompressed_size=5411 bytes)
[debug] [2026-10-10T05:09:43.893Z] [unzip] Processing entry: client\android-chrome-512x512.png
[debug] [2026-10-10T05:09:43.893Z] [unzip] else mkdir: C:\Users\conne\.cache\firebase\emulators\ui-v1.15.0\client
[debug] [2026-10-10T05:09:43.893Z] [unzip] deflating: C:\Users\conne\.cache\firebase\emulators\ui-v1.15.0\client\android-chrome-512x512.png
[debug] [2026-10-10T05:09:43.895Z] [unzip] Entry: client/manifest.json (compressed_size=245 bytes, uncompressed_size=551 bytes)
[debug] [2026-10-10T05:09:43.895Z] [unzip] Processing entry: client\manifest.json
[debug] [2026-10-10T05:09:43.895Z] [unzip] else mkdir: C:\Users\conne\.cache\firebase\emulators\ui-v1.15.0\client
[debug] [2026-10-10T05:09:43.896Z] [unzip] deflating: C:\Users\conne\.cache\firebase\emulators\ui-v1.15.0\client\manifest.json
[debug] [2026-10-10T05:09:43.897Z] [unzip] Entry: client/robots.txt (compressed_size=26 bytes, uncompressed_size=26 bytes)
[debug] [2026-10-10T05:09:43.897Z] [unzip] Processing entry: client\robots.txt
[debug] [2026-10-10T05:09:43.897Z] [unzip] else mkdir: C:\Users\conne\.cache\firebase\emulators\ui-v1.15.0\client
[debug] [2026-10-10T05:09:43.897Z] [unzip] Writing file: C:\Users\conne\.cache\firebase\emulators\ui-v1.15.0\client\robots.txt
[debug] [2026-10-10T05:09:43.898Z] [unzip] Entry: client/mstile-150x150.png (compressed_size=2034 bytes, uncompressed_size=2034 bytes)
[debug] [2026-10-10T05:09:43.898Z] [unzip] Processing entry: client\mstile-150x150.png
[debug] [2026-10-10T05:09:43.898Z] [unzip] else mkdir: C:\Users\conne\.cache\firebase\emulators\ui-v1.15.0\client
[debug] [2026-10-10T05:09:43.899Z] [unzip] Writing file: C:\Users\conne\.cache\firebase\emulators\ui-v1.15.0\client\mstile-150x150.png
[debug] [2026-10-10T05:09:43.900Z] [unzip] Entry: client/assets/ (compressed_size=0 bytes, uncompressed_size=0 bytes)
[debug] [2026-10-10T05:09:43.900Z] [unzip] Processing entry: client\assets\
[debug] [2026-10-10T05:09:43.900Z] [unzip] mkdir: C:\Users\conne\.cache\firebase\emulators\ui-v1.15.0\client\assets\
[debug] [2026-10-10T05:09:43.900Z] [unzip] Entry: client/assets/index-BX-A56oj.js (compressed_size=582089 bytes, uncompressed_size=2092775 bytes)
[debug] [2026-10-10T05:09:43.900Z] [unzip] Processing entry: client\assets\index-BX-A56oj.js
[debug] [2026-10-10T05:09:43.900Z] [unzip] else mkdir: C:\Users\conne\.cache\firebase\emulators\ui-v1.15.0\client\assets
[debug] [2026-10-10T05:09:43.901Z] [unzip] deflating: C:\Users\conne\.cache\firebase\emulators\ui-v1.15.0\client\assets\index-BX-A56oj.js
[debug] [2026-10-10T05:09:43.916Z] [unzip] Entry: client/assets/index-CjB9C900.css (compressed_size=35979 bytes, uncompressed_size=298654 bytes)
[debug] [2026-10-10T05:09:43.916Z] [unzip] Processing entry: client\assets\index-CjB9C900.css
[debug] [2026-10-10T05:09:43.916Z] [unzip] else mkdir: C:\Users\conne\.cache\firebase\emulators\ui-v1.15.0\client\assets
[debug] [2026-10-10T05:09:43.916Z] [unzip] deflating: C:\Users\conne\.cache\firebase\emulators\ui-v1.15.0\client\assets\index-CjB9C900.css
[debug] [2026-10-10T05:09:43.919Z] [unzip] Entry: client/assets/index-BX-A56oj.js.map (compressed_size=2362482 bytes, uncompressed_size=10036679 bytes)
[debug] [2026-10-10T05:09:43.920Z] [unzip] Processing entry: client\assets\index-BX-A56oj.js.map
[debug] [2026-10-10T05:09:43.920Z] [unzip] else mkdir: C:\Users\conne\.cache\firebase\emulators\ui-v1.15.0\client\assets
[debug] [2026-10-10T05:09:43.920Z] [unzip] deflating: C:\Users\conne\.cache\firebase\emulators\ui-v1.15.0\client\assets\index-BX-A56oj.js.map
[debug] [2026-10-10T05:09:44.008Z] [unzip] Entry: client/assets/extensions/ (compressed_size=0 bytes, uncompressed_size=0 bytes)
[debug] [2026-10-10T05:09:44.008Z] [unzip] Processing entry: client\assets\extensions\
[debug] [2026-10-10T05:09:44.008Z] [unzip] mkdir: C:\Users\conne\.cache\firebase\emulators\ui-v1.15.0\client\assets\extensions\
[debug] [2026-10-10T05:09:44.009Z] [unzip] Entry: client/assets/extensions/default-extension.png (compressed_size=1646 bytes, uncompressed_size=1657 bytes)
[debug] [2026-10-10T05:09:44.009Z] [unzip] Processing entry: client\assets\extensions\default-extension.png
[debug] [2026-10-10T05:09:44.009Z] [unzip] else mkdir: C:\Users\conne\.cache\firebase\emulators\ui-v1.15.0\client\assets\extensions
[debug] [2026-10-10T05:09:44.009Z] [unzip] deflating: C:\Users\conne\.cache\firebase\emulators\ui-v1.15.0\client\assets\extensions\default-extension.png
[debug] [2026-10-10T05:09:44.011Z] [unzip] Entry: client/assets/img/ (compressed_size=0 bytes, uncompressed_size=0 bytes)
[debug] [2026-10-10T05:09:44.011Z] [unzip] Processing entry: client\assets\img\
[debug] [2026-10-10T05:09:44.011Z] [unzip] mkdir: C:\Users\conne\.cache\firebase\emulators\ui-v1.15.0\client\assets\img\
[debug] [2026-10-10T05:09:44.012Z] [unzip] Entry: client/assets/img/database.png (compressed_size=29449 bytes, uncompressed_size=29988 bytes)
[debug] [2026-10-10T05:09:44.012Z] [unzip] Processing entry: client\assets\img\database.png
[debug] [2026-10-10T05:09:44.012Z] [unzip] else mkdir: C:\Users\conne\.cache\firebase\emulators\ui-v1.15.0\client\assets\img
[debug] [2026-10-10T05:09:44.013Z] [unzip] deflating: C:\Users\conne\.cache\firebase\emulators\ui-v1.15.0\client\assets\img\database.png
[debug] [2026-10-10T05:09:44.015Z] [unzip] Entry: client/assets/provider-icons/ (compressed_size=0 bytes, uncompressed_size=0 bytes)
[debug] [2026-10-10T05:09:44.015Z] [unzip] Processing entry: client\assets\provider-icons\
[debug] [2026-10-10T05:09:44.015Z] [unzip] mkdir: C:\Users\conne\.cache\firebase\emulators\ui-v1.15.0\client\assets\provider-icons\
[debug] [2026-10-10T05:09:44.015Z] [unzip] Entry: client/assets/provider-icons/auth_service_saml.svg (compressed_size=575 bytes, uncompressed_size=1226 bytes)
[debug] [2026-10-10T05:09:44.015Z] [unzip] Processing entry: client\assets\provider-icons\auth_service_saml.svg
[debug] [2026-10-10T05:09:44.016Z] [unzip] else mkdir: C:\Users\conne\.cache\firebase\emulators\ui-v1.15.0\client\assets\provider-icons
[debug] [2026-10-10T05:09:44.016Z] [unzip] deflating: C:\Users\conne\.cache\firebase\emulators\ui-v1.15.0\client\assets\provider-icons\auth_service_saml.svg
[debug] [2026-10-10T05:09:44.017Z] [unzip] Entry: client/assets/provider-icons/auth_service_phone.svg (compressed_size=261 bytes, uncompressed_size=414 bytes)
[debug] [2026-10-10T05:09:44.018Z] [unzip] Processing entry: client\assets\provider-icons\auth_service_phone.svg
[debug] [2026-10-10T05:09:44.018Z] [unzip] else mkdir: C:\Users\conne\.cache\firebase\emulators\ui-v1.15.0\client\assets\provider-icons
[debug] [2026-10-10T05:09:44.018Z] [unzip] deflating: C:\Users\conne\.cache\firebase\emulators\ui-v1.15.0\client\assets\provider-icons\auth_service_phone.svg
[debug] [2026-10-10T05:09:44.019Z] [unzip] Entry: client/assets/provider-icons/auth_service_facebook.svg (compressed_size=289 bytes, uncompressed_size=457 bytes)
[debug] [2026-10-10T05:09:44.019Z] [unzip] Processing entry: client\assets\provider-icons\auth_service_facebook.svg
[debug] [2026-10-10T05:09:44.019Z] [unzip] else mkdir: C:\Users\conne\.cache\firebase\emulators\ui-v1.15.0\client\assets\provider-icons
[debug] [2026-10-10T05:09:44.020Z] [unzip] deflating: C:\Users\conne\.cache\firebase\emulators\ui-v1.15.0\client\assets\provider-icons\auth_service_facebook.svg
[debug] [2026-10-10T05:09:44.021Z] [unzip] Entry: client/assets/provider-icons/auth_service_game_center.svg (compressed_size=991 bytes, uncompressed_size=3921 bytes)
[debug] [2026-10-10T05:09:44.022Z] [unzip] Processing entry: client\assets\provider-icons\auth_service_game_center.svg
[debug] [2026-10-10T05:09:44.022Z] [unzip] else mkdir: C:\Users\conne\.cache\firebase\emulators\ui-v1.15.0\client\assets\provider-icons
[debug] [2026-10-10T05:09:44.022Z] [unzip] deflating: C:\Users\conne\.cache\firebase\emulators\ui-v1.15.0\client\assets\provider-icons\auth_service_game_center.svg
[debug] [2026-10-10T05:09:44.023Z] [unzip] Entry: client/assets/provider-icons/auth_service_apple.svg (compressed_size=230 bytes, uncompressed_size=334 bytes)
[debug] [2026-10-10T05:09:44.023Z] [unzip] Processing entry: client\assets\provider-icons\auth_service_apple.svg
[debug] [2026-10-10T05:09:44.023Z] [unzip] else mkdir: C:\Users\conne\.cache\firebase\emulators\ui-v1.15.0\client\assets\provider-icons
[debug] [2026-10-10T05:09:44.024Z] [unzip] deflating: C:\Users\conne\.cache\firebase\emulators\ui-v1.15.0\client\assets\provider-icons\auth_service_apple.svg
[debug] [2026-10-10T05:09:44.025Z] [unzip] Entry: client/assets/provider-icons/auth_service_github.svg (compressed_size=466 bytes, uncompressed_size=838 bytes)
[debug] [2026-10-10T05:09:44.025Z] [unzip] Processing entry: client\assets\provider-icons\auth_service_github.svg
[debug] [2026-10-10T05:09:44.025Z] [unzip] else mkdir: C:\Users\conne\.cache\firebase\emulators\ui-v1.15.0\client\assets\provider-icons
[debug] [2026-10-10T05:09:44.025Z] [unzip] deflating: C:\Users\conne\.cache\firebase\emulators\ui-v1.15.0\client\assets\provider-icons\auth_service_github.svg
[debug] [2026-10-10T05:09:44.027Z] [unzip] Entry: client/assets/provider-icons/auth_service_mslive.svg (compressed_size=203 bytes, uncompressed_size=378 bytes)
[debug] [2026-10-10T05:09:44.027Z] [unzip] Processing entry: client\assets\provider-icons\auth_service_mslive.svg
[debug] [2026-10-10T05:09:44.027Z] [unzip] else mkdir: C:\Users\conne\.cache\firebase\emulators\ui-v1.15.0\client\assets\provider-icons
[debug] [2026-10-10T05:09:44.027Z] [unzip] deflating: C:\Users\conne\.cache\firebase\emulators\ui-v1.15.0\client\assets\provider-icons\auth_service_mslive.svg
[debug] [2026-10-10T05:09:44.029Z] [unzip] Entry: client/assets/provider-icons/auth_service_yahoo.svg (compressed_size=577 bytes, uncompressed_size=1182 bytes)
[debug] [2026-10-10T05:09:44.030Z] [unzip] Processing entry: client\assets\provider-icons\auth_service_yahoo.svg
[debug] [2026-10-10T05:09:44.030Z] [unzip] else mkdir: C:\Users\conne\.cache\firebase\emulators\ui-v1.15.0\client\assets\provider-icons
[debug] [2026-10-10T05:09:44.030Z] [unzip] deflating: C:\Users\conne\.cache\firebase\emulators\ui-v1.15.0\client\assets\provider-icons\auth_service_yahoo.svg
[debug] [2026-10-10T05:09:44.032Z] [unzip] Entry: client/assets/provider-icons/auth_service_twitter.svg (compressed_size=444 bytes, uncompressed_size=751 bytes)
[debug] [2026-10-10T05:09:44.032Z] [unzip] Processing entry: client\assets\provider-icons\auth_service_twitter.svg
[debug] [2026-10-10T05:09:44.032Z] [unzip] else mkdir: C:\Users\conne\.cache\firebase\emulators\ui-v1.15.0\client\assets\provider-icons
[debug] [2026-10-10T05:09:44.033Z] [unzip] deflating: C:\Users\conne\.cache\firebase\emulators\ui-v1.15.0\client\assets\provider-icons\auth_service_twitter.svg
[debug] [2026-10-10T05:09:44.034Z] [unzip] Entry: client/assets/provider-icons/auth_service_play_games.svg (compressed_size=565 bytes, uncompressed_size=1173 bytes)
[debug] [2026-10-10T05:09:44.034Z] [unzip] Processing entry: client\assets\provider-icons\auth_service_play_games.svg
[debug] [2026-10-10T05:09:44.034Z] [unzip] else mkdir: C:\Users\conne\.cache\firebase\emulators\ui-v1.15.0\client\assets\provider-icons
[debug] [2026-10-10T05:09:44.035Z] [unzip] deflating: C:\Users\conne\.cache\firebase\emulators\ui-v1.15.0\client\assets\provider-icons\auth_service_play_games.svg
[debug] [2026-10-10T05:09:44.036Z] [unzip] Entry: client/assets/provider-icons/auth_service_email.svg (compressed_size=228 bytes, uncompressed_size=326 bytes)
[debug] [2026-10-10T05:09:44.036Z] [unzip] Processing entry: client\assets\provider-icons\auth_service_email.svg
[debug] [2026-10-10T05:09:44.036Z] [unzip] else mkdir: C:\Users\conne\.cache\firebase\emulators\ui-v1.15.0\client\assets\provider-icons
[debug] [2026-10-10T05:09:44.037Z] [unzip] deflating: C:\Users\conne\.cache\firebase\emulators\ui-v1.15.0\client\assets\provider-icons\auth_service_email.svg
[debug] [2026-10-10T05:09:44.038Z] [unzip] Entry: client/assets/provider-icons/auth_service_google.svg (compressed_size=409 bytes, uncompressed_size=720 bytes)
[debug] [2026-10-10T05:09:44.038Z] [unzip] Processing entry: client\assets\provider-icons\auth_service_google.svg
[debug] [2026-10-10T05:09:44.038Z] [unzip] else mkdir: C:\Users\conne\.cache\firebase\emulators\ui-v1.15.0\client\assets\provider-icons
[debug] [2026-10-10T05:09:44.039Z] [unzip] deflating: C:\Users\conne\.cache\firebase\emulators\ui-v1.15.0\client\assets\provider-icons\auth_service_google.svg
[debug] [2026-10-10T05:09:44.040Z] [unzip] Entry: client/assets/provider-icons/auth_service_oidc.svg (compressed_size=414 bytes, uncompressed_size=858 bytes)
[debug] [2026-10-10T05:09:44.040Z] [unzip] Processing entry: client\assets\provider-icons\auth_service_oidc.svg
[debug] [2026-10-10T05:09:44.040Z] [unzip] else mkdir: C:\Users\conne\.cache\firebase\emulators\ui-v1.15.0\client\assets\provider-icons
[debug] [2026-10-10T05:09:44.041Z] [unzip] deflating: C:\Users\conne\.cache\firebase\emulators\ui-v1.15.0\client\assets\provider-icons\auth_service_oidc.svg
[debug] [2026-10-10T05:09:44.042Z] [unzip] Entry: client/browserconfig.xml (compressed_size=491 bytes, uncompressed_size=822 bytes)
[debug] [2026-10-10T05:09:44.042Z] [unzip] Processing entry: client\browserconfig.xml
[debug] [2026-10-10T05:09:44.042Z] [unzip] else mkdir: C:\Users\conne\.cache\firebase\emulators\ui-v1.15.0\client
[debug] [2026-10-10T05:09:44.042Z] [unzip] deflating: C:\Users\conne\.cache\firebase\emulators\ui-v1.15.0\client\browserconfig.xml
[debug] [2026-10-10T05:09:44.044Z] [unzip] Entry: client/favicon-32x32.png (compressed_size=475 bytes, uncompressed_size=475 bytes)
[debug] [2026-10-10T05:09:44.044Z] [unzip] Processing entry: client\favicon-32x32.png
[debug] [2026-10-10T05:09:44.044Z] [unzip] else mkdir: C:\Users\conne\.cache\firebase\emulators\ui-v1.15.0\client
[debug] [2026-10-10T05:09:44.044Z] [unzip] Writing file: C:\Users\conne\.cache\firebase\emulators\ui-v1.15.0\client\favicon-32x32.png
[debug] [2026-10-10T05:09:44.046Z] [unzip] Entry: server/ (compressed_size=0 bytes, uncompressed_size=0 bytes)
[debug] [2026-10-10T05:09:44.046Z] [unzip] Processing entry: server\
[debug] [2026-10-10T05:09:44.046Z] [unzip] mkdir: C:\Users\conne\.cache\firebase\emulators\ui-v1.15.0\server\
[debug] [2026-10-10T05:09:44.047Z] [unzip] Entry: server/server.mjs.map (compressed_size=217845 bytes, uncompressed_size=944978 bytes)
[debug] [2026-10-10T05:09:44.047Z] [unzip] Processing entry: server\server.mjs.map
[debug] [2026-10-10T05:09:44.047Z] [unzip] else mkdir: C:\Users\conne\.cache\firebase\emulators\ui-v1.15.0\server
[debug] [2026-10-10T05:09:44.048Z] [unzip] deflating: C:\Users\conne\.cache\firebase\emulators\ui-v1.15.0\server\server.mjs.map
[debug] [2026-10-10T05:09:44.054Z] [unzip] Entry: server/server.mjs (compressed_size=276407 bytes, uncompressed_size=933701 bytes)
[debug] [2026-10-10T05:09:44.054Z] [unzip] Processing entry: server\server.mjs
[debug] [2026-10-10T05:09:44.055Z] [unzip] else mkdir: C:\Users\conne\.cache\firebase\emulators\ui-v1.15.0\server
[debug] [2026-10-10T05:09:44.055Z] [unzip] deflating: C:\Users\conne\.cache\firebase\emulators\ui-v1.15.0\server\server.mjs
[info] i  functions: Watching "C:\Projects\talktherapy\functions" for Cloud Functions... {"metadata":{"emulator":{"name":"functions"},"message":"Watching \"C:\\Projects\\talktherapy\\functions\" for Cloud Functions..."}}
[debug] [2026-10-10T05:09:44.073Z] Validating nodejs source
[warn] !  functions: package.json indicates an outdated version of firebase-functions. Please upgrade using npm install --save firebase-functions@latest in your functions directory. 
[warn] !  functions: Please note that there will be breaking changes when you upgrade. 
[debug] [2026-10-10T05:09:45.871Z] > [functions] package.json contents: {
  "name": "talk-functions",
  "private": true,
  "engines": {
    "node": "20"
  },
  "main": "lib/functions/src/index.js",
  "scripts": {
    "build": "tsc",
    "deploy": "npm run build && firebase deploy --only functions",
    "logs": "firebase functions:log"
  },
  "dependencies": {
    "firebase-admin": "^13.0.0",
    "firebase-functions": "^6.1.0",
    "google-auth-library": "^11.1.0"
  },
  "devDependencies": {
    "typescript": "^5.6.0"
  }
}
[debug] [2026-10-10T05:09:45.871Z] Building nodejs source
[debug] [2026-10-10T05:09:45.872Z] Failed to find version of module node: reached end of search path C:\Projects\talktherapy\functions\node_modules
[warn] !  functions: Your requested "node" version "20" doesn't match your global version "24". Using node@24 from host. 
[info] i  functions: Loaded environment variables from .env, .env.local. 
[debug] [2026-10-10T05:09:45.875Z] Could not find functions.yaml. Must use http discovery
[debug] [2026-10-10T05:09:45.884Z] Found firebase-functions binary at 'C:\Projects\talktherapy\functions\node_modules\.bin\firebase-functions'
[info] Serving at port 8599

[debug] [2026-10-10T05:09:46.771Z] Got response from /__/functions.yaml {"endpoints":{"companionTurn":{"availableMemoryMb":512,"timeoutSeconds":120,"minInstances":0,"maxInstances":null,"ingressSettings":null,"concurrency":20,"serviceAccountEmail":"talk-ai@talk-therapy-509209.iam.gserviceaccount.com","vpc":null,"platform":"gcfv2","region":["us-east4"],"labels":{},"httpsTrigger":{},"entryPoint":"companionTurn"},"companionGreet":{"availableMemoryMb":512,"timeoutSeconds":60,"minInstances":0,"maxInstances":null,"ingressSettings":null,"concurrency":20,"serviceAccountEmail":"talk-ai@talk-therapy-509209.iam.gserviceaccount.com","vpc":null,"platform":"gcfv2","region":["us-east4"],"labels":{},"httpsTrigger":{},"entryPoint":"companionGreet"},"companionSpeak":{"availableMemoryMb":512,"timeoutSeconds":60,"minInstances":0,"maxInstances":null,"ingressSettings":null,"concurrency":20,"serviceAccountEmail":"talk-ai@talk-therapy-509209.iam.gserviceaccount.com","vpc":null,"platform":"gcfv2","region":["us-east4"],"labels":{},"httpsTrigger":{},"entryPoint":"companionSpeak"},"companionPresent":{"availableMemoryMb":512,"timeoutSeconds":90,"minInstances":0,"maxInstances":null,"ingressSettings":null,"concurrency":20,"serviceAccountEmail":"talk-ai@talk-therapy-509209.iam.gserviceaccount.com","vpc":null,"platform":"gcfv2","region":["us-east4"],"labels":{},"httpsTrigger":{},"entryPoint":"companionPresent"},"companionSummarize":{"availableMemoryMb":256,"timeoutSeconds":60,"minInstances":0,"maxInstances":null,"ingressSettings":null,"concurrency":20,"serviceAccountEmail":"talk-ai@talk-therapy-509209.iam.gserviceaccount.com","vpc":null,"platform":"gcfv2","region":["us-east4"],"labels":{},"httpsTrigger":{},"entryPoint":"companionSummarize"},"bookSession":{"availableMemoryMb":null,"timeoutSeconds":null,"minInstances":null,"maxInstances":null,"ingressSettings":null,"concurrency":null,"serviceAccountEmail":null,"vpc":null,"platform":"gcfv2","region":["us-east4"],"labels":{},"callableTrigger":{},"entryPoint":"bookSession"},"cancelSession":{"availableMemoryMb":null,"timeoutSeconds":null,"minInstances":null,"maxInstances":null,"ingressSettings":null,"concurrency":null,"serviceAccountEmail":null,"vpc":null,"platform":"gcfv2","region":["us-east4"],"labels":{},"callableTrigger":{},"entryPoint":"cancelSession"},"startSessionPayment":{"availableMemoryMb":null,"timeoutSeconds":null,"minInstances":null,"maxInstances":null,"ingressSettings":null,"concurrency":null,"serviceAccountEmail":null,"vpc":null,"platform":"gcfv2","region":["us-east4"],"secretEnvironmentVariables":[{"key":"MODEM_PAY_SECRET_KEY"}],"labels":{},"callableTrigger":{},"entryPoint":"startSessionPayment"},"startConsultationPayment":{"availableMemoryMb":null,"timeoutSeconds":null,"minInstances":null,"maxInstances":null,"ingressSettings":null,"concurrency":null,"serviceAccountEmail":null,"vpc":null,"platform":"gcfv2","region":["us-east4"],"secretEnvironmentVariables":[{"key":"MODEM_PAY_SECRET_KEY"}],"labels":{},"callableTrigger":{},"entryPoint":"startConsultationPayment"},"claimConsultation":{"availableMemoryMb":null,"timeoutSeconds":null,"minInstances":null,"maxInstances":null,"ingressSettings":null,"concurrency":null,"serviceAccountEmail":null,"vpc":null,"platform":"gcfv2","region":["us-east4"],"labels":{},"callableTrigger":{},"entryPoint":"claimConsultation"},"checkPayment":{"availableMemoryMb":null,"timeoutSeconds":null,"minInstances":null,"maxInstances":null,"ingressSettings":null,"concurrency":null,"serviceAccountEmail":null,"vpc":null,"platform":"gcfv2","region":["us-east4"],"secretEnvironmentVariables":[{"key":"MODEM_PAY_SECRET_KEY"}],"labels":{},"callableTrigger":{},"entryPoint":"checkPayment"},"modemWebhook":{"availableMemoryMb":null,"timeoutSeconds":null,"minInstances":null,"maxInstances":null,"ingressSettings":null,"concurrency":null,"serviceAccountEmail":null,"vpc":null,"platform":"gcfv2","region":["us-east4"],"secretEnvironmentVariables":[{"key":"MODEM_PAY_SECRET_KEY"},{"key":"MODEM_PAY_WEBHOOK_SECRET"}],"labels":{},"httpsTrigger":{},"entryPoint":"modemWebhook"}},"specVersion":"v1alpha1","requiredAPIs":[],"extensions":{},"params":[{"type":"secret","name":"MODEM_PAY_SECRET_KEY"},{"type":"secret","name":"MODEM_PAY_WEBHOOK_SECRET"}]}
[info] +  functions: Loaded functions definitions from source: companionTurn, companionGreet, companionSpeak, companionPresent, companionSummarize, bookSession, cancelSession, startSessionPayment, startConsultationPayment, claimConsultation, checkPayment, modemWebhook. {"metadata":{"emulator":{"name":"functions"},"message":"Loaded functions definitions from source: companionTurn, companionGreet, companionSpeak, companionPresent, companionSummarize, bookSession, cancelSession, startSessionPayment, startConsultationPayment, claimConsultation, checkPayment, modemWebhook."}}
[info] +  functions[us-east4-companionTurn]: http function initialized (http://127.0.0.1:5001/talk-therapy-509209/us-east4/companionTurn). {"metadata":{"emulator":{"name":"functions"},"message":"\u001b[1mhttp\u001b[22m function initialized (http://127.0.0.1:5001/talk-therapy-509209/us-east4/companionTurn)."}}
[info] +  functions[us-east4-companionGreet]: http function initialized (http://127.0.0.1:5001/talk-therapy-509209/us-east4/companionGreet). {"metadata":{"emulator":{"name":"functions"},"message":"\u001b[1mhttp\u001b[22m function initialized (http://127.0.0.1:5001/talk-therapy-509209/us-east4/companionGreet)."}}
[info] +  functions[us-east4-companionSpeak]: http function initialized (http://127.0.0.1:5001/talk-therapy-509209/us-east4/companionSpeak). {"metadata":{"emulator":{"name":"functions"},"message":"\u001b[1mhttp\u001b[22m function initialized (http://127.0.0.1:5001/talk-therapy-509209/us-east4/companionSpeak)."}}
[info] +  functions[us-east4-companionPresent]: http function initialized (http://127.0.0.1:5001/talk-therapy-509209/us-east4/companionPresent). {"metadata":{"emulator":{"name":"functions"},"message":"\u001b[1mhttp\u001b[22m function initialized (http://127.0.0.1:5001/talk-therapy-509209/us-east4/companionPresent)."}}
[info] +  functions[us-east4-companionSummarize]: http function initialized (http://127.0.0.1:5001/talk-therapy-509209/us-east4/companionSummarize). {"metadata":{"emulator":{"name":"functions"},"message":"\u001b[1mhttp\u001b[22m function initialized (http://127.0.0.1:5001/talk-therapy-509209/us-east4/companionSummarize)."}}
[info] +  functions[us-east4-bookSession]: http function initialized (http://127.0.0.1:5001/talk-therapy-509209/us-east4/bookSession). {"metadata":{"emulator":{"name":"functions"},"message":"\u001b[1mhttp\u001b[22m function initialized (http://127.0.0.1:5001/talk-therapy-509209/us-east4/bookSession)."}}
[info] +  functions[us-east4-cancelSession]: http function initialized (http://127.0.0.1:5001/talk-therapy-509209/us-east4/cancelSession). {"metadata":{"emulator":{"name":"functions"},"message":"\u001b[1mhttp\u001b[22m function initialized (http://127.0.0.1:5001/talk-therapy-509209/us-east4/cancelSession)."}}
[info] +  functions[us-east4-startSessionPayment]: http function initialized (http://127.0.0.1:5001/talk-therapy-509209/us-east4/startSessionPayment). {"metadata":{"emulator":{"name":"functions"},"message":"\u001b[1mhttp\u001b[22m function initialized (http://127.0.0.1:5001/talk-therapy-509209/us-east4/startSessionPayment)."}}
[info] +  functions[us-east4-startConsultationPayment]: http function initialized (http://127.0.0.1:5001/talk-therapy-509209/us-east4/startConsultationPayment). {"metadata":{"emulator":{"name":"functions"},"message":"\u001b[1mhttp\u001b[22m function initialized (http://127.0.0.1:5001/talk-therapy-509209/us-east4/startConsultationPayment)."}}
[info] +  functions[us-east4-claimConsultation]: http function initialized (http://127.0.0.1:5001/talk-therapy-509209/us-east4/claimConsultation). {"metadata":{"emulator":{"name":"functions"},"message":"\u001b[1mhttp\u001b[22m function initialized (http://127.0.0.1:5001/talk-therapy-509209/us-east4/claimConsultation)."}}
[info] +  functions[us-east4-checkPayment]: http function initialized (http://127.0.0.1:5001/talk-therapy-509209/us-east4/checkPayment). {"metadata":{"emulator":{"name":"functions"},"message":"\u001b[1mhttp\u001b[22m function initialized (http://127.0.0.1:5001/talk-therapy-509209/us-east4/checkPayment)."}}
[info] +  functions[us-east4-modemWebhook]: http function initialized (http://127.0.0.1:5001/talk-therapy-509209/us-east4/modemWebhook). {"metadata":{"emulator":{"name":"functions"},"message":"\u001b[1mhttp\u001b[22m function initialized (http://127.0.0.1:5001/talk-therapy-509209/us-east4/modemWebhook)."}}
[debug] [2026-10-10T05:09:50.837Z] Could not find VSCode notification endpoint: FetchError: request to http://localhost:40001/vscode/notify failed, reason: . If you are not running the Firebase Data Connect VSCode extension, this is expected and not an issue.
[info] 
┌─────────────────────────────────────────────────────────────┐
│ ✔  All emulators ready! It is now safe to connect your app. │
│ i  View Emulator UI at http://127.0.0.1:4000/               │
└─────────────────────────────────────────────────────────────┘

┌───────────┬────────────────┬─────────────────────────────────┐
│ Emulator  │ Host:Port      │ View in Emulator UI             │
├───────────┼────────────────┼─────────────────────────────────┤
│ Functions │ 127.0.0.1:5001 │ http://127.0.0.1:4000/functions │
└───────────┴────────────────┴─────────────────────────────────┘
  Emulator Hub host: 127.0.0.1 port: 4400
  Other reserved ports: 4500

Issues? Report them at https://github.com/firebase/firebase-tools/issues and attach the *-debug.log files.
 
[debug] [2026-10-10T05:10:01.288Z] [work-queue] {"queuedWork":["/talk-therapy-509209/us-east4/companionSummarize-2026-10-10T05:10:01.288Z"],"queueLength":1,"runningWork":[],"workRunningCount":0}
[debug] [2026-10-10T05:10:01.288Z] [work-queue] {"queuedWork":[],"queueLength":0,"runningWork":["/talk-therapy-509209/us-east4/companionSummarize-2026-10-10T05:10:01.288Z"],"workRunningCount":1}
[debug] [2026-10-10T05:10:01.288Z] Accepted request POST /talk-therapy-509209/us-east4/companionSummarize --> us-east4-companionSummarize
[debug] [2026-10-10T05:10:01.291Z] [functions] Runtime ready! Sending request! {"metadata":{"emulator":{"name":"functions"},"message":"[functions] Runtime ready! Sending request!"}}
[debug] [2026-10-10T05:10:01.292Z] [functions] Got req.url=/talk-therapy-509209/us-east4/companionSummarize, mapping to path=/ {"metadata":{"emulator":{"name":"functions"},"message":"[functions] Got req.url=/talk-therapy-509209/us-east4/companionSummarize, mapping to path=/"}}
[info] i  functions: Loaded environment variables from .env, .env.local. 
[debug] [2026-10-10T05:10:01.308Z] [worker-pool] addWorker(us-east4-companionSummarize) {"metadata":{"emulator":{"name":"functions"},"message":"[worker-pool] addWorker(us-east4-companionSummarize)"}}
[debug] [2026-10-10T05:10:01.309Z] [worker-pool] Adding worker with key us-east4-companionSummarize, total=1 {"metadata":{"emulator":{"name":"functions"},"message":"[worker-pool] Adding worker with key us-east4-companionSummarize, total=1"}}
[debug] [2026-10-10T05:10:03.786Z] [runtime-status] [22836] Resolved module firebase-admin {"declared":true,"installed":true,"version":"13.10.0","resolution":"C:\\Projects\\talktherapy\\functions\\node_modules\\firebase-admin\\lib\\index.js"} {"metadata":{"emulator":{"name":"functions"},"function":{"name":"us-east4-companionSummarize"},"extension":{},"message":"[runtime-status] [22836] Resolved module firebase-admin {\"declared\":true,\"installed\":true,\"version\":\"13.10.0\",\"resolution\":\"C:\\\\Projects\\\\talktherapy\\\\functions\\\\node_modules\\\\firebase-admin\\\\lib\\\\index.js\"}"}}
[debug] [2026-10-10T05:10:03.788Z] [runtime-status] [22836] Resolved module firebase-functions {"declared":true,"installed":true,"version":"6.6.0","resolution":"C:\\Projects\\talktherapy\\functions\\node_modules\\firebase-functions\\lib\\v2\\index.js"} {"metadata":{"emulator":{"name":"functions"},"function":{"name":"us-east4-companionSummarize"},"extension":{},"message":"[runtime-status] [22836] Resolved module firebase-functions {\"declared\":true,\"installed\":true,\"version\":\"6.6.0\",\"resolution\":\"C:\\\\Projects\\\\talktherapy\\\\functions\\\\node_modules\\\\firebase-functions\\\\lib\\\\v2\\\\index.js\"}"}}
[debug] [2026-10-10T05:10:03.789Z] [runtime-status] [22836] Outgoing network have been stubbed. [{"name":"http","status":"mocked"},{"name":"http","status":"mocked"},{"name":"https","status":"mocked"},{"name":"https","status":"mocked"},{"name":"net","status":"mocked"}] {"metadata":{"emulator":{"name":"functions"},"function":{"name":"us-east4-companionSummarize"},"extension":{},"message":"[runtime-status] [22836] Outgoing network have been stubbed. [{\"name\":\"http\",\"status\":\"mocked\"},{\"name\":\"http\",\"status\":\"mocked\"},{\"name\":\"https\",\"status\":\"mocked\"},{\"name\":\"https\",\"status\":\"mocked\"},{\"name\":\"net\",\"status\":\"mocked\"}]"}}
[debug] [2026-10-10T05:10:03.791Z] [runtime-status] [22836] Resolved module firebase-functions {"declared":true,"installed":true,"version":"6.6.0","resolution":"C:\\Projects\\talktherapy\\functions\\node_modules\\firebase-functions\\lib\\v2\\index.js"} {"metadata":{"emulator":{"name":"functions"},"function":{"name":"us-east4-companionSummarize"},"extension":{},"message":"[runtime-status] [22836] Resolved module firebase-functions {\"declared\":true,\"installed\":true,\"version\":\"6.6.0\",\"resolution\":\"C:\\\\Projects\\\\talktherapy\\\\functions\\\\node_modules\\\\firebase-functions\\\\lib\\\\v2\\\\index.js\"}"}}
[debug] [2026-10-10T05:10:04.189Z] [runtime-status] [22836] Resolved module firebase-admin {"declared":true,"installed":true,"version":"13.10.0","resolution":"C:\\Projects\\talktherapy\\functions\\node_modules\\firebase-admin\\lib\\index.js"} {"metadata":{"emulator":{"name":"functions"},"function":{"name":"us-east4-companionSummarize"},"extension":{},"message":"[runtime-status] [22836] Resolved module firebase-admin {\"declared\":true,\"installed\":true,\"version\":\"13.10.0\",\"resolution\":\"C:\\\\Projects\\\\talktherapy\\\\functions\\\\node_modules\\\\firebase-admin\\\\lib\\\\index.js\"}"}}
[debug] [2026-10-10T05:10:04.240Z] [runtime-status] [22836] Resolved module firebase-functions {"declared":true,"installed":true,"version":"6.6.0","resolution":"C:\\Projects\\talktherapy\\functions\\node_modules\\firebase-functions\\lib\\v2\\index.js"} {"metadata":{"emulator":{"name":"functions"},"function":{"name":"us-east4-companionSummarize"},"extension":{},"message":"[runtime-status] [22836] Resolved module firebase-functions {\"declared\":true,\"installed\":true,\"version\":\"6.6.0\",\"resolution\":\"C:\\\\Projects\\\\talktherapy\\\\functions\\\\node_modules\\\\firebase-functions\\\\lib\\\\v2\\\\index.js\"}"}}
[debug] [2026-10-10T05:10:05.582Z] [runtime-status] [22836] firebase-admin has been stubbed. {"adminResolution":{"declared":true,"installed":true,"version":"13.10.0","resolution":"C:\\Projects\\talktherapy\\functions\\node_modules\\firebase-admin\\lib\\index.js"}} {"metadata":{"emulator":{"name":"functions"},"function":{"name":"us-east4-companionSummarize"},"extension":{},"message":"[runtime-status] [22836] firebase-admin has been stubbed. {\"adminResolution\":{\"declared\":true,\"installed\":true,\"version\":\"13.10.0\",\"resolution\":\"C:\\\\Projects\\\\talktherapy\\\\functions\\\\node_modules\\\\firebase-admin\\\\lib\\\\index.js\"}}"}}
[debug] [2026-10-10T05:10:05.692Z] [runtime-status] [22836] Functions runtime initialized. {"cwd":"C:\\Projects\\talktherapy\\functions","node_version":"24.11.1"} {"metadata":{"emulator":{"name":"functions"},"function":{"name":"us-east4-companionSummarize"},"extension":{},"message":"[runtime-status] [22836] Functions runtime initialized. {\"cwd\":\"C:\\\\Projects\\\\talktherapy\\\\functions\",\"node_version\":\"24.11.1\"}"}}
[debug] [2026-10-10T05:10:05.692Z] [runtime-status] [22836] Listening to port: \\?\pipe\fire_emu_12224453354c2d6b {"metadata":{"emulator":{"name":"functions"},"function":{"name":"us-east4-companionSummarize"},"extension":{},"message":"[runtime-status] [22836] Listening to port: \\\\?\\pipe\\fire_emu_12224453354c2d6b"}}
[debug] [2026-10-10T05:10:05.786Z] [worker-us-east4-companionSummarize-6d0b1cb6-dbd1-42e7-9af4-d395c5bb524e]: IDLE {"metadata":{"emulator":{"name":"functions"},"function":{"name":"us-east4-companionSummarize"},"extension":{},"message":"[worker-us-east4-companionSummarize-6d0b1cb6-dbd1-42e7-9af4-d395c5bb524e]: IDLE"}}
[debug] [2026-10-10T05:10:05.786Z] [worker-pool] submitRequest(triggerId=us-east4-companionSummarize) {"metadata":{"emulator":{"name":"functions"},"message":"[worker-pool] submitRequest(triggerId=us-east4-companionSummarize)"}}
[info] i  functions: Beginning execution of "us-east4-companionSummarize" {"metadata":{"emulator":{"name":"functions"},"function":{"name":"us-east4-companionSummarize"},"extension":{},"message":"Beginning execution of \"us-east4-companionSummarize\""}}
[debug] [2026-10-10T05:10:05.787Z] [worker-us-east4-companionSummarize-6d0b1cb6-dbd1-42e7-9af4-d395c5bb524e]: BUSY {"metadata":{"emulator":{"name":"functions"},"function":{"name":"us-east4-companionSummarize"},"extension":{},"message":"[worker-us-east4-companionSummarize-6d0b1cb6-dbd1-42e7-9af4-d395c5bb524e]: BUSY"}}
[debug] [2026-10-10T05:10:06.024Z] Finishing up request with event=pause {"metadata":{"emulator":{"name":"functions"},"function":{"name":"us-east4-companionSummarize"},"extension":{},"message":"Finishing up request with event=pause"}}
[info] i  functions: Finished "us-east4-companionSummarize" in 236.5044ms {"metadata":{"emulator":{"name":"functions"},"function":{"name":"us-east4-companionSummarize"},"extension":{},"message":"Finished \"us-east4-companionSummarize\" in 236.5044ms"}}
[debug] [2026-10-10T05:10:06.024Z] [worker-us-east4-companionSummarize-6d0b1cb6-dbd1-42e7-9af4-d395c5bb524e]: IDLE {"metadata":{"emulator":{"name":"functions"},"function":{"name":"us-east4-companionSummarize"},"extension":{},"message":"[worker-us-east4-companionSummarize-6d0b1cb6-dbd1-42e7-9af4-d395c5bb524e]: IDLE"}}
[debug] [2026-10-10T05:10:06.024Z] Finishing up request with event=finish {"metadata":{"emulator":{"name":"functions"},"function":{"name":"us-east4-companionSummarize"},"extension":{},"message":"Finishing up request with event=finish"}}
[debug] [2026-10-10T05:10:06.024Z] Finishing up request with event=close {"metadata":{"emulator":{"name":"functions"},"function":{"name":"us-east4-companionSummarize"},"extension":{},"message":"Finishing up request with event=close"}}
[debug] [2026-10-10T05:10:06.024Z] [work-queue] {"queuedWork":[],"queueLength":0,"runningWork":[],"workRunningCount":0}
[debug] [2026-10-10T05:10:06.026Z] [work-queue] {"queuedWork":["/talk-therapy-509209/us-east4/companionSummarize-2026-10-10T05:10:06.026Z"],"queueLength":1,"runningWork":[],"workRunningCount":0}
[debug] [2026-10-10T05:10:06.026Z] [work-queue] {"queuedWork":[],"queueLength":0,"runningWork":["/talk-therapy-509209/us-east4/companionSummarize-2026-10-10T05:10:06.026Z"],"workRunningCount":1}
[debug] [2026-10-10T05:10:06.026Z] Accepted request POST /talk-therapy-509209/us-east4/companionSummarize --> us-east4-companionSummarize
[debug] [2026-10-10T05:10:06.028Z] [functions] Runtime ready! Sending request! {"metadata":{"emulator":{"name":"functions"},"message":"[functions] Runtime ready! Sending request!"}}
[debug] [2026-10-10T05:10:06.028Z] [functions] Got req.url=/talk-therapy-509209/us-east4/companionSummarize, mapping to path=/ {"metadata":{"emulator":{"name":"functions"},"message":"[functions] Got req.url=/talk-therapy-509209/us-east4/companionSummarize, mapping to path=/"}}
[debug] [2026-10-10T05:10:06.028Z] [worker-pool] submitRequest(triggerId=us-east4-companionSummarize) {"metadata":{"emulator":{"name":"functions"},"message":"[worker-pool] submitRequest(triggerId=us-east4-companionSummarize)"}}
[info] i  functions: Beginning execution of "us-east4-companionSummarize" {"metadata":{"emulator":{"name":"functions"},"function":{"name":"us-east4-companionSummarize"},"extension":{},"message":"Beginning execution of \"us-east4-companionSummarize\""}}
[debug] [2026-10-10T05:10:06.028Z] [worker-us-east4-companionSummarize-6d0b1cb6-dbd1-42e7-9af4-d395c5bb524e]: BUSY {"metadata":{"emulator":{"name":"functions"},"function":{"name":"us-east4-companionSummarize"},"extension":{},"message":"[worker-us-east4-companionSummarize-6d0b1cb6-dbd1-42e7-9af4-d395c5bb524e]: BUSY"}}
[debug] [2026-10-10T05:10:07.044Z] Finishing up request with event=pause {"metadata":{"emulator":{"name":"functions"},"function":{"name":"us-east4-companionSummarize"},"extension":{},"message":"Finishing up request with event=pause"}}
[info] i  functions: Finished "us-east4-companionSummarize" in 1015.8492ms {"metadata":{"emulator":{"name":"functions"},"function":{"name":"us-east4-companionSummarize"},"extension":{},"message":"Finished \"us-east4-companionSummarize\" in 1015.8492ms"}}
[debug] [2026-10-10T05:10:07.045Z] [worker-us-east4-companionSummarize-6d0b1cb6-dbd1-42e7-9af4-d395c5bb524e]: IDLE {"metadata":{"emulator":{"name":"functions"},"function":{"name":"us-east4-companionSummarize"},"extension":{},"message":"[worker-us-east4-companionSummarize-6d0b1cb6-dbd1-42e7-9af4-d395c5bb524e]: IDLE"}}
[debug] [2026-10-10T05:10:07.045Z] Finishing up request with event=finish {"metadata":{"emulator":{"name":"functions"},"function":{"name":"us-east4-companionSummarize"},"extension":{},"message":"Finishing up request with event=finish"}}
[debug] [2026-10-10T05:10:07.045Z] Finishing up request with event=close {"metadata":{"emulator":{"name":"functions"},"function":{"name":"us-east4-companionSummarize"},"extension":{},"message":"Finishing up request with event=close"}}
[debug] [2026-10-10T05:10:07.045Z] [work-queue] {"queuedWork":[],"queueLength":0,"runningWork":[],"workRunningCount":0}
[debug] [2026-10-10T05:10:07.047Z] [work-queue] {"queuedWork":["/talk-therapy-509209/us-east4/companionGreet-2026-10-10T05:10:07.047Z"],"queueLength":1,"runningWork":[],"workRunningCount":0}
[debug] [2026-10-10T05:10:07.047Z] [work-queue] {"queuedWork":[],"queueLength":0,"runningWork":["/talk-therapy-509209/us-east4/companionGreet-2026-10-10T05:10:07.047Z"],"workRunningCount":1}
[debug] [2026-10-10T05:10:07.047Z] Accepted request POST /talk-therapy-509209/us-east4/companionGreet --> us-east4-companionGreet
[debug] [2026-10-10T05:10:07.048Z] [functions] Runtime ready! Sending request! {"metadata":{"emulator":{"name":"functions"},"message":"[functions] Runtime ready! Sending request!"}}
[debug] [2026-10-10T05:10:07.048Z] [functions] Got req.url=/talk-therapy-509209/us-east4/companionGreet, mapping to path=/ {"metadata":{"emulator":{"name":"functions"},"message":"[functions] Got req.url=/talk-therapy-509209/us-east4/companionGreet, mapping to path=/"}}
[info] i  functions: Loaded environment variables from .env, .env.local. 
[debug] [2026-10-10T05:10:07.058Z] [worker-pool] addWorker(us-east4-companionGreet) {"metadata":{"emulator":{"name":"functions"},"message":"[worker-pool] addWorker(us-east4-companionGreet)"}}
[debug] [2026-10-10T05:10:07.058Z] [worker-pool] Adding worker with key us-east4-companionGreet, total=1 {"metadata":{"emulator":{"name":"functions"},"message":"[worker-pool] Adding worker with key us-east4-companionGreet, total=1"}}
[debug] [2026-10-10T05:10:09.523Z] [runtime-status] [14480] Resolved module firebase-admin {"declared":true,"installed":true,"version":"13.10.0","resolution":"C:\\Projects\\talktherapy\\functions\\node_modules\\firebase-admin\\lib\\index.js"} {"metadata":{"emulator":{"name":"functions"},"function":{"name":"us-east4-companionGreet"},"extension":{},"message":"[runtime-status] [14480] Resolved module firebase-admin {\"declared\":true,\"installed\":true,\"version\":\"13.10.0\",\"resolution\":\"C:\\\\Projects\\\\talktherapy\\\\functions\\\\node_modules\\\\firebase-admin\\\\lib\\\\index.js\"}"}}
[debug] [2026-10-10T05:10:09.525Z] [runtime-status] [14480] Resolved module firebase-functions {"declared":true,"installed":true,"version":"6.6.0","resolution":"C:\\Projects\\talktherapy\\functions\\node_modules\\firebase-functions\\lib\\v2\\index.js"} {"metadata":{"emulator":{"name":"functions"},"function":{"name":"us-east4-companionGreet"},"extension":{},"message":"[runtime-status] [14480] Resolved module firebase-functions {\"declared\":true,\"installed\":true,\"version\":\"6.6.0\",\"resolution\":\"C:\\\\Projects\\\\talktherapy\\\\functions\\\\node_modules\\\\firebase-functions\\\\lib\\\\v2\\\\index.js\"}"}}
[debug] [2026-10-10T05:10:09.526Z] [runtime-status] [14480] Outgoing network have been stubbed. [{"name":"http","status":"mocked"},{"name":"http","status":"mocked"},{"name":"https","status":"mocked"},{"name":"https","status":"mocked"},{"name":"net","status":"mocked"}] {"metadata":{"emulator":{"name":"functions"},"function":{"name":"us-east4-companionGreet"},"extension":{},"message":"[runtime-status] [14480] Outgoing network have been stubbed. [{\"name\":\"http\",\"status\":\"mocked\"},{\"name\":\"http\",\"status\":\"mocked\"},{\"name\":\"https\",\"status\":\"mocked\"},{\"name\":\"https\",\"status\":\"mocked\"},{\"name\":\"net\",\"status\":\"mocked\"}]"}}
[debug] [2026-10-10T05:10:09.529Z] [runtime-status] [14480] Resolved module firebase-functions {"declared":true,"installed":true,"version":"6.6.0","resolution":"C:\\Projects\\talktherapy\\functions\\node_modules\\firebase-functions\\lib\\v2\\index.js"} {"metadata":{"emulator":{"name":"functions"},"function":{"name":"us-east4-companionGreet"},"extension":{},"message":"[runtime-status] [14480] Resolved module firebase-functions {\"declared\":true,\"installed\":true,\"version\":\"6.6.0\",\"resolution\":\"C:\\\\Projects\\\\talktherapy\\\\functions\\\\node_modules\\\\firebase-functions\\\\lib\\\\v2\\\\index.js\"}"}}
[debug] [2026-10-10T05:10:09.875Z] [runtime-status] [14480] Resolved module firebase-admin {"declared":true,"installed":true,"version":"13.10.0","resolution":"C:\\Projects\\talktherapy\\functions\\node_modules\\firebase-admin\\lib\\index.js"} {"metadata":{"emulator":{"name":"functions"},"function":{"name":"us-east4-companionGreet"},"extension":{},"message":"[runtime-status] [14480] Resolved module firebase-admin {\"declared\":true,\"installed\":true,\"version\":\"13.10.0\",\"resolution\":\"C:\\\\Projects\\\\talktherapy\\\\functions\\\\node_modules\\\\firebase-admin\\\\lib\\\\index.js\"}"}}
[debug] [2026-10-10T05:10:09.879Z] [runtime-status] [14480] Resolved module firebase-functions {"declared":true,"installed":true,"version":"6.6.0","resolution":"C:\\Projects\\talktherapy\\functions\\node_modules\\firebase-functions\\lib\\v2\\index.js"} {"metadata":{"emulator":{"name":"functions"},"function":{"name":"us-east4-companionGreet"},"extension":{},"message":"[runtime-status] [14480] Resolved module firebase-functions {\"declared\":true,\"installed\":true,\"version\":\"6.6.0\",\"resolution\":\"C:\\\\Projects\\\\talktherapy\\\\functions\\\\node_modules\\\\firebase-functions\\\\lib\\\\v2\\\\index.js\"}"}}
[debug] [2026-10-10T05:10:10.091Z] [runtime-status] [14480] firebase-admin has been stubbed. {"adminResolution":{"declared":true,"installed":true,"version":"13.10.0","resolution":"C:\\Projects\\talktherapy\\functions\\node_modules\\firebase-admin\\lib\\index.js"}} {"metadata":{"emulator":{"name":"functions"},"function":{"name":"us-east4-companionGreet"},"extension":{},"message":"[runtime-status] [14480] firebase-admin has been stubbed. {\"adminResolution\":{\"declared\":true,\"installed\":true,\"version\":\"13.10.0\",\"resolution\":\"C:\\\\Projects\\\\talktherapy\\\\functions\\\\node_modules\\\\firebase-admin\\\\lib\\\\index.js\"}}"}}
[debug] [2026-10-10T05:10:10.189Z] [runtime-status] [14480] Functions runtime initialized. {"cwd":"C:\\Projects\\talktherapy\\functions","node_version":"24.11.1"} {"metadata":{"emulator":{"name":"functions"},"function":{"name":"us-east4-companionGreet"},"extension":{},"message":"[runtime-status] [14480] Functions runtime initialized. {\"cwd\":\"C:\\\\Projects\\\\talktherapy\\\\functions\",\"node_version\":\"24.11.1\"}"}}
[debug] [2026-10-10T05:10:10.189Z] [runtime-status] [14480] Listening to port: \\?\pipe\fire_emu_7a5a58c7157a734e {"metadata":{"emulator":{"name":"functions"},"function":{"name":"us-east4-companionGreet"},"extension":{},"message":"[runtime-status] [14480] Listening to port: \\\\?\\pipe\\fire_emu_7a5a58c7157a734e"}}
[debug] [2026-10-10T05:10:10.235Z] [worker-us-east4-companionGreet-0d31b52a-56ce-49c8-b3fa-20e8b21d0025]: IDLE {"metadata":{"emulator":{"name":"functions"},"function":{"name":"us-east4-companionGreet"},"extension":{},"message":"[worker-us-east4-companionGreet-0d31b52a-56ce-49c8-b3fa-20e8b21d0025]: IDLE"}}
[debug] [2026-10-10T05:10:10.236Z] [worker-pool] submitRequest(triggerId=us-east4-companionGreet) {"metadata":{"emulator":{"name":"functions"},"message":"[worker-pool] submitRequest(triggerId=us-east4-companionGreet)"}}
[info] i  functions: Beginning execution of "us-east4-companionGreet" {"metadata":{"emulator":{"name":"functions"},"function":{"name":"us-east4-companionGreet"},"extension":{},"message":"Beginning execution of \"us-east4-companionGreet\""}}
[debug] [2026-10-10T05:10:10.236Z] [worker-us-east4-companionGreet-0d31b52a-56ce-49c8-b3fa-20e8b21d0025]: BUSY {"metadata":{"emulator":{"name":"functions"},"function":{"name":"us-east4-companionGreet"},"extension":{},"message":"[worker-us-east4-companionGreet-0d31b52a-56ce-49c8-b3fa-20e8b21d0025]: BUSY"}}
[debug] [2026-10-10T05:10:15.282Z] Finishing up request with event=pause {"metadata":{"emulator":{"name":"functions"},"function":{"name":"us-east4-companionGreet"},"extension":{},"message":"Finishing up request with event=pause"}}
[info] i  functions: Finished "us-east4-companionGreet" in 5046.5742ms {"metadata":{"emulator":{"name":"functions"},"function":{"name":"us-east4-companionGreet"},"extension":{},"message":"Finished \"us-east4-companionGreet\" in 5046.5742ms"}}
[debug] [2026-10-10T05:10:15.283Z] [worker-us-east4-companionGreet-0d31b52a-56ce-49c8-b3fa-20e8b21d0025]: IDLE {"metadata":{"emulator":{"name":"functions"},"function":{"name":"us-east4-companionGreet"},"extension":{},"message":"[worker-us-east4-companionGreet-0d31b52a-56ce-49c8-b3fa-20e8b21d0025]: IDLE"}}
[debug] [2026-10-10T05:10:15.283Z] Finishing up request with event=finish {"metadata":{"emulator":{"name":"functions"},"function":{"name":"us-east4-companionGreet"},"extension":{},"message":"Finishing up request with event=finish"}}
[debug] [2026-10-10T05:10:15.283Z] Finishing up request with event=close {"metadata":{"emulator":{"name":"functions"},"function":{"name":"us-east4-companionGreet"},"extension":{},"message":"Finishing up request with event=close"}}
[debug] [2026-10-10T05:10:15.284Z] [work-queue] {"queuedWork":[],"queueLength":0,"runningWork":[],"workRunningCount":0}
[debug] [2026-10-10T05:10:15.288Z] [work-queue] {"queuedWork":["/talk-therapy-509209/us-east4/companionTurn-2026-10-10T05:10:15.288Z"],"queueLength":1,"runningWork":[],"workRunningCount":0}
[debug] [2026-10-10T05:10:15.288Z] [work-queue] {"queuedWork":[],"queueLength":0,"runningWork":["/talk-therapy-509209/us-east4/companionTurn-2026-10-10T05:10:15.288Z"],"workRunningCount":1}
[debug] [2026-10-10T05:10:15.288Z] Accepted request POST /talk-therapy-509209/us-east4/companionTurn --> us-east4-companionTurn
[debug] [2026-10-10T05:10:15.292Z] [functions] Runtime ready! Sending request! {"metadata":{"emulator":{"name":"functions"},"message":"[functions] Runtime ready! Sending request!"}}
[debug] [2026-10-10T05:10:15.292Z] [functions] Got req.url=/talk-therapy-509209/us-east4/companionTurn, mapping to path=/ {"metadata":{"emulator":{"name":"functions"},"message":"[functions] Got req.url=/talk-therapy-509209/us-east4/companionTurn, mapping to path=/"}}
[info] i  functions: Loaded environment variables from .env, .env.local. 
[debug] [2026-10-10T05:10:15.312Z] [worker-pool] addWorker(us-east4-companionTurn) {"metadata":{"emulator":{"name":"functions"},"message":"[worker-pool] addWorker(us-east4-companionTurn)"}}
[debug] [2026-10-10T05:10:15.313Z] [worker-pool] Adding worker with key us-east4-companionTurn, total=1 {"metadata":{"emulator":{"name":"functions"},"message":"[worker-pool] Adding worker with key us-east4-companionTurn, total=1"}}
[debug] [2026-10-10T05:10:18.486Z] [runtime-status] [20656] Resolved module firebase-admin {"declared":true,"installed":true,"version":"13.10.0","resolution":"C:\\Projects\\talktherapy\\functions\\node_modules\\firebase-admin\\lib\\index.js"} {"metadata":{"emulator":{"name":"functions"},"function":{"name":"us-east4-companionTurn"},"extension":{},"message":"[runtime-status] [20656] Resolved module firebase-admin {\"declared\":true,\"installed\":true,\"version\":\"13.10.0\",\"resolution\":\"C:\\\\Projects\\\\talktherapy\\\\functions\\\\node_modules\\\\firebase-admin\\\\lib\\\\index.js\"}"}}
[debug] [2026-10-10T05:10:18.488Z] [runtime-status] [20656] Resolved module firebase-functions {"declared":true,"installed":true,"version":"6.6.0","resolution":"C:\\Projects\\talktherapy\\functions\\node_modules\\firebase-functions\\lib\\v2\\index.js"} {"metadata":{"emulator":{"name":"functions"},"function":{"name":"us-east4-companionTurn"},"extension":{},"message":"[runtime-status] [20656] Resolved module firebase-functions {\"declared\":true,\"installed\":true,\"version\":\"6.6.0\",\"resolution\":\"C:\\\\Projects\\\\talktherapy\\\\functions\\\\node_modules\\\\firebase-functions\\\\lib\\\\v2\\\\index.js\"}"}}
[debug] [2026-10-10T05:10:18.489Z] [runtime-status] [20656] Outgoing network have been stubbed. [{"name":"http","status":"mocked"},{"name":"http","status":"mocked"},{"name":"https","status":"mocked"},{"name":"https","status":"mocked"},{"name":"net","status":"mocked"}] {"metadata":{"emulator":{"name":"functions"},"function":{"name":"us-east4-companionTurn"},"extension":{},"message":"[runtime-status] [20656] Outgoing network have been stubbed. [{\"name\":\"http\",\"status\":\"mocked\"},{\"name\":\"http\",\"status\":\"mocked\"},{\"name\":\"https\",\"status\":\"mocked\"},{\"name\":\"https\",\"status\":\"mocked\"},{\"name\":\"net\",\"status\":\"mocked\"}]"}}
[debug] [2026-10-10T05:10:18.490Z] [runtime-status] [20656] Resolved module firebase-functions {"declared":true,"installed":true,"version":"6.6.0","resolution":"C:\\Projects\\talktherapy\\functions\\node_modules\\firebase-functions\\lib\\v2\\index.js"} {"metadata":{"emulator":{"name":"functions"},"function":{"name":"us-east4-companionTurn"},"extension":{},"message":"[runtime-status] [20656] Resolved module firebase-functions {\"declared\":true,\"installed\":true,\"version\":\"6.6.0\",\"resolution\":\"C:\\\\Projects\\\\talktherapy\\\\functions\\\\node_modules\\\\firebase-functions\\\\lib\\\\v2\\\\index.js\"}"}}
[debug] [2026-10-10T05:10:18.802Z] [runtime-status] [20656] Resolved module firebase-admin {"declared":true,"installed":true,"version":"13.10.0","resolution":"C:\\Projects\\talktherapy\\functions\\node_modules\\firebase-admin\\lib\\index.js"} {"metadata":{"emulator":{"name":"functions"},"function":{"name":"us-east4-companionTurn"},"extension":{},"message":"[runtime-status] [20656] Resolved module firebase-admin {\"declared\":true,\"installed\":true,\"version\":\"13.10.0\",\"resolution\":\"C:\\\\Projects\\\\talktherapy\\\\functions\\\\node_modules\\\\firebase-admin\\\\lib\\\\index.js\"}"}}
[debug] [2026-10-10T05:10:18.805Z] [runtime-status] [20656] Resolved module firebase-functions {"declared":true,"installed":true,"version":"6.6.0","resolution":"C:\\Projects\\talktherapy\\functions\\node_modules\\firebase-functions\\lib\\v2\\index.js"} {"metadata":{"emulator":{"name":"functions"},"function":{"name":"us-east4-companionTurn"},"extension":{},"message":"[runtime-status] [20656] Resolved module firebase-functions {\"declared\":true,\"installed\":true,\"version\":\"6.6.0\",\"resolution\":\"C:\\\\Projects\\\\talktherapy\\\\functions\\\\node_modules\\\\firebase-functions\\\\lib\\\\v2\\\\index.js\"}"}}
[debug] [2026-10-10T05:10:19.008Z] [runtime-status] [20656] firebase-admin has been stubbed. {"adminResolution":{"declared":true,"installed":true,"version":"13.10.0","resolution":"C:\\Projects\\talktherapy\\functions\\node_modules\\firebase-admin\\lib\\index.js"}} {"metadata":{"emulator":{"name":"functions"},"function":{"name":"us-east4-companionTurn"},"extension":{},"message":"[runtime-status] [20656] firebase-admin has been stubbed. {\"adminResolution\":{\"declared\":true,\"installed\":true,\"version\":\"13.10.0\",\"resolution\":\"C:\\\\Projects\\\\talktherapy\\\\functions\\\\node_modules\\\\firebase-admin\\\\lib\\\\index.js\"}}"}}
[debug] [2026-10-10T05:10:19.106Z] [runtime-status] [20656] Functions runtime initialized. {"cwd":"C:\\Projects\\talktherapy\\functions","node_version":"24.11.1"} {"metadata":{"emulator":{"name":"functions"},"function":{"name":"us-east4-companionTurn"},"extension":{},"message":"[runtime-status] [20656] Functions runtime initialized. {\"cwd\":\"C:\\\\Projects\\\\talktherapy\\\\functions\",\"node_version\":\"24.11.1\"}"}}
[debug] [2026-10-10T05:10:19.106Z] [runtime-status] [20656] Listening to port: \\?\pipe\fire_emu_1ee6ea725cb3e80d {"metadata":{"emulator":{"name":"functions"},"function":{"name":"us-east4-companionTurn"},"extension":{},"message":"[runtime-status] [20656] Listening to port: \\\\?\\pipe\\fire_emu_1ee6ea725cb3e80d"}}
[debug] [2026-10-10T05:10:19.217Z] [worker-us-east4-companionTurn-a596208b-f8d4-46c7-9d94-3625a4cac2f3]: IDLE {"metadata":{"emulator":{"name":"functions"},"function":{"name":"us-east4-companionTurn"},"extension":{},"message":"[worker-us-east4-companionTurn-a596208b-f8d4-46c7-9d94-3625a4cac2f3]: IDLE"}}
[debug] [2026-10-10T05:10:19.217Z] [worker-pool] submitRequest(triggerId=us-east4-companionTurn) {"metadata":{"emulator":{"name":"functions"},"message":"[worker-pool] submitRequest(triggerId=us-east4-companionTurn)"}}
[info] i  functions: Beginning execution of "us-east4-companionTurn" {"metadata":{"emulator":{"name":"functions"},"function":{"name":"us-east4-companionTurn"},"extension":{},"message":"Beginning execution of \"us-east4-companionTurn\""}}
[debug] [2026-10-10T05:10:19.217Z] [worker-us-east4-companionTurn-a596208b-f8d4-46c7-9d94-3625a4cac2f3]: BUSY {"metadata":{"emulator":{"name":"functions"},"function":{"name":"us-east4-companionTurn"},"extension":{},"message":"[worker-us-east4-companionTurn-a596208b-f8d4-46c7-9d94-3625a4cac2f3]: BUSY"}}
[debug] [2026-10-10T05:10:19.603Z] Finishing up request with event=pause {"metadata":{"emulator":{"name":"functions"},"function":{"name":"us-east4-companionTurn"},"extension":{},"message":"Finishing up request with event=pause"}}
[info] i  functions: Finished "us-east4-companionTurn" in 385.8655ms {"metadata":{"emulator":{"name":"functions"},"function":{"name":"us-east4-companionTurn"},"extension":{},"message":"Finished \"us-east4-companionTurn\" in 385.8655ms"}}
[debug] [2026-10-10T05:10:19.604Z] [worker-us-east4-companionTurn-a596208b-f8d4-46c7-9d94-3625a4cac2f3]: IDLE {"metadata":{"emulator":{"name":"functions"},"function":{"name":"us-east4-companionTurn"},"extension":{},"message":"[worker-us-east4-companionTurn-a596208b-f8d4-46c7-9d94-3625a4cac2f3]: IDLE"}}
[debug] [2026-10-10T05:10:19.604Z] Finishing up request with event=finish {"metadata":{"emulator":{"name":"functions"},"function":{"name":"us-east4-companionTurn"},"extension":{},"message":"Finishing up request with event=finish"}}
[debug] [2026-10-10T05:10:19.604Z] Finishing up request with event=close {"metadata":{"emulator":{"name":"functions"},"function":{"name":"us-east4-companionTurn"},"extension":{},"message":"Finishing up request with event=close"}}
[debug] [2026-10-10T05:10:19.604Z] [work-queue] {"queuedWork":[],"queueLength":0,"runningWork":[],"workRunningCount":0}
[debug] [2026-10-10T05:10:19.607Z] [work-queue] {"queuedWork":["/talk-therapy-509209/us-east4/companionPresent-2026-10-10T05:10:19.607Z"],"queueLength":1,"runningWork":[],"workRunningCount":0}
[debug] [2026-10-10T05:10:19.607Z] [work-queue] {"queuedWork":[],"queueLength":0,"runningWork":["/talk-therapy-509209/us-east4/companionPresent-2026-10-10T05:10:19.607Z"],"workRunningCount":1}
[debug] [2026-10-10T05:10:19.607Z] Accepted request POST /talk-therapy-509209/us-east4/companionPresent --> us-east4-companionPresent
[debug] [2026-10-10T05:10:19.609Z] [functions] Runtime ready! Sending request! {"metadata":{"emulator":{"name":"functions"},"message":"[functions] Runtime ready! Sending request!"}}
[debug] [2026-10-10T05:10:19.609Z] [functions] Got req.url=/talk-therapy-509209/us-east4/companionPresent, mapping to path=/ {"metadata":{"emulator":{"name":"functions"},"message":"[functions] Got req.url=/talk-therapy-509209/us-east4/companionPresent, mapping to path=/"}}
[info] i  functions: Loaded environment variables from .env, .env.local. 
[debug] [2026-10-10T05:10:19.621Z] [worker-pool] addWorker(us-east4-companionPresent) {"metadata":{"emulator":{"name":"functions"},"message":"[worker-pool] addWorker(us-east4-companionPresent)"}}
[debug] [2026-10-10T05:10:19.622Z] [worker-pool] Adding worker with key us-east4-companionPresent, total=1 {"metadata":{"emulator":{"name":"functions"},"message":"[worker-pool] Adding worker with key us-east4-companionPresent, total=1"}}
[debug] [2026-10-10T05:10:22.141Z] [runtime-status] [13552] Resolved module firebase-admin {"declared":true,"installed":true,"version":"13.10.0","resolution":"C:\\Projects\\talktherapy\\functions\\node_modules\\firebase-admin\\lib\\index.js"} {"metadata":{"emulator":{"name":"functions"},"function":{"name":"us-east4-companionPresent"},"extension":{},"message":"[runtime-status] [13552] Resolved module firebase-admin {\"declared\":true,\"installed\":true,\"version\":\"13.10.0\",\"resolution\":\"C:\\\\Projects\\\\talktherapy\\\\functions\\\\node_modules\\\\firebase-admin\\\\lib\\\\index.js\"}"}}
[debug] [2026-10-10T05:10:22.143Z] [runtime-status] [13552] Resolved module firebase-functions {"declared":true,"installed":true,"version":"6.6.0","resolution":"C:\\Projects\\talktherapy\\functions\\node_modules\\firebase-functions\\lib\\v2\\index.js"} {"metadata":{"emulator":{"name":"functions"},"function":{"name":"us-east4-companionPresent"},"extension":{},"message":"[runtime-status] [13552] Resolved module firebase-functions {\"declared\":true,\"installed\":true,\"version\":\"6.6.0\",\"resolution\":\"C:\\\\Projects\\\\talktherapy\\\\functions\\\\node_modules\\\\firebase-functions\\\\lib\\\\v2\\\\index.js\"}"}}
[debug] [2026-10-10T05:10:22.144Z] [runtime-status] [13552] Outgoing network have been stubbed. [{"name":"http","status":"mocked"},{"name":"http","status":"mocked"},{"name":"https","status":"mocked"},{"name":"https","status":"mocked"},{"name":"net","status":"mocked"}] {"metadata":{"emulator":{"name":"functions"},"function":{"name":"us-east4-companionPresent"},"extension":{},"message":"[runtime-status] [13552] Outgoing network have been stubbed. [{\"name\":\"http\",\"status\":\"mocked\"},{\"name\":\"http\",\"status\":\"mocked\"},{\"name\":\"https\",\"status\":\"mocked\"},{\"name\":\"https\",\"status\":\"mocked\"},{\"name\":\"net\",\"status\":\"mocked\"}]"}}
[debug] [2026-10-10T05:10:22.146Z] [runtime-status] [13552] Resolved module firebase-functions {"declared":true,"installed":true,"version":"6.6.0","resolution":"C:\\Projects\\talktherapy\\functions\\node_modules\\firebase-functions\\lib\\v2\\index.js"} {"metadata":{"emulator":{"name":"functions"},"function":{"name":"us-east4-companionPresent"},"extension":{},"message":"[runtime-status] [13552] Resolved module firebase-functions {\"declared\":true,\"installed\":true,\"version\":\"6.6.0\",\"resolution\":\"C:\\\\Projects\\\\talktherapy\\\\functions\\\\node_modules\\\\firebase-functions\\\\lib\\\\v2\\\\index.js\"}"}}
[debug] [2026-10-10T05:10:22.480Z] [runtime-status] [13552] Resolved module firebase-admin {"declared":true,"installed":true,"version":"13.10.0","resolution":"C:\\Projects\\talktherapy\\functions\\node_modules\\firebase-admin\\lib\\index.js"} {"metadata":{"emulator":{"name":"functions"},"function":{"name":"us-east4-companionPresent"},"extension":{},"message":"[runtime-status] [13552] Resolved module firebase-admin {\"declared\":true,\"installed\":true,\"version\":\"13.10.0\",\"resolution\":\"C:\\\\Projects\\\\talktherapy\\\\functions\\\\node_modules\\\\firebase-admin\\\\lib\\\\index.js\"}"}}
[debug] [2026-10-10T05:10:22.483Z] [runtime-status] [13552] Resolved module firebase-functions {"declared":true,"installed":true,"version":"6.6.0","resolution":"C:\\Projects\\talktherapy\\functions\\node_modules\\firebase-functions\\lib\\v2\\index.js"} {"metadata":{"emulator":{"name":"functions"},"function":{"name":"us-east4-companionPresent"},"extension":{},"message":"[runtime-status] [13552] Resolved module firebase-functions {\"declared\":true,\"installed\":true,\"version\":\"6.6.0\",\"resolution\":\"C:\\\\Projects\\\\talktherapy\\\\functions\\\\node_modules\\\\firebase-functions\\\\lib\\\\v2\\\\index.js\"}"}}
[debug] [2026-10-10T05:10:22.713Z] [runtime-status] [13552] firebase-admin has been stubbed. {"adminResolution":{"declared":true,"installed":true,"version":"13.10.0","resolution":"C:\\Projects\\talktherapy\\functions\\node_modules\\firebase-admin\\lib\\index.js"}} {"metadata":{"emulator":{"name":"functions"},"function":{"name":"us-east4-companionPresent"},"extension":{},"message":"[runtime-status] [13552] firebase-admin has been stubbed. {\"adminResolution\":{\"declared\":true,\"installed\":true,\"version\":\"13.10.0\",\"resolution\":\"C:\\\\Projects\\\\talktherapy\\\\functions\\\\node_modules\\\\firebase-admin\\\\lib\\\\index.js\"}}"}}
[debug] [2026-10-10T05:10:22.811Z] [runtime-status] [13552] Functions runtime initialized. {"cwd":"C:\\Projects\\talktherapy\\functions","node_version":"24.11.1"} {"metadata":{"emulator":{"name":"functions"},"function":{"name":"us-east4-companionPresent"},"extension":{},"message":"[runtime-status] [13552] Functions runtime initialized. {\"cwd\":\"C:\\\\Projects\\\\talktherapy\\\\functions\",\"node_version\":\"24.11.1\"}"}}
[debug] [2026-10-10T05:10:22.812Z] [runtime-status] [13552] Listening to port: \\?\pipe\fire_emu_229a0cd7f5b8a7b5 {"metadata":{"emulator":{"name":"functions"},"function":{"name":"us-east4-companionPresent"},"extension":{},"message":"[runtime-status] [13552] Listening to port: \\\\?\\pipe\\fire_emu_229a0cd7f5b8a7b5"}}
[debug] [2026-10-10T05:10:22.884Z] [worker-us-east4-companionPresent-115b1e71-36ac-4184-9ca9-ed6e5acf938a]: IDLE {"metadata":{"emulator":{"name":"functions"},"function":{"name":"us-east4-companionPresent"},"extension":{},"message":"[worker-us-east4-companionPresent-115b1e71-36ac-4184-9ca9-ed6e5acf938a]: IDLE"}}
[debug] [2026-10-10T05:10:22.885Z] [worker-pool] submitRequest(triggerId=us-east4-companionPresent) {"metadata":{"emulator":{"name":"functions"},"message":"[worker-pool] submitRequest(triggerId=us-east4-companionPresent)"}}
[info] i  functions: Beginning execution of "us-east4-companionPresent" {"metadata":{"emulator":{"name":"functions"},"function":{"name":"us-east4-companionPresent"},"extension":{},"message":"Beginning execution of \"us-east4-companionPresent\""}}
[debug] [2026-10-10T05:10:22.885Z] [worker-us-east4-companionPresent-115b1e71-36ac-4184-9ca9-ed6e5acf938a]: BUSY {"metadata":{"emulator":{"name":"functions"},"function":{"name":"us-east4-companionPresent"},"extension":{},"message":"[worker-us-east4-companionPresent-115b1e71-36ac-4184-9ca9-ed6e5acf938a]: BUSY"}}
[debug] [2026-10-10T05:10:23.269Z] Finishing up request with event=pause {"metadata":{"emulator":{"name":"functions"},"function":{"name":"us-east4-companionPresent"},"extension":{},"message":"Finishing up request with event=pause"}}
[info] i  functions: Finished "us-east4-companionPresent" in 384.1989ms {"metadata":{"emulator":{"name":"functions"},"function":{"name":"us-east4-companionPresent"},"extension":{},"message":"Finished \"us-east4-companionPresent\" in 384.1989ms"}}
[debug] [2026-10-10T05:10:23.269Z] [worker-us-east4-companionPresent-115b1e71-36ac-4184-9ca9-ed6e5acf938a]: IDLE {"metadata":{"emulator":{"name":"functions"},"function":{"name":"us-east4-companionPresent"},"extension":{},"message":"[worker-us-east4-companionPresent-115b1e71-36ac-4184-9ca9-ed6e5acf938a]: IDLE"}}
[debug] [2026-10-10T05:10:23.270Z] Finishing up request with event=finish {"metadata":{"emulator":{"name":"functions"},"function":{"name":"us-east4-companionPresent"},"extension":{},"message":"Finishing up request with event=finish"}}
[debug] [2026-10-10T05:10:23.270Z] Finishing up request with event=close {"metadata":{"emulator":{"name":"functions"},"function":{"name":"us-east4-companionPresent"},"extension":{},"message":"Finishing up request with event=close"}}
[debug] [2026-10-10T05:10:23.270Z] [work-queue] {"queuedWork":[],"queueLength":0,"runningWork":[],"workRunningCount":0}
[debug] [2026-10-10T05:10:23.272Z] [work-queue] {"queuedWork":["/talk-therapy-509209/us-east4/companionSummarize-2026-10-10T05:10:23.272Z"],"queueLength":1,"runningWork":[],"workRunningCount":0}
[debug] [2026-10-10T05:10:23.272Z] [work-queue] {"queuedWork":[],"queueLength":0,"runningWork":["/talk-therapy-509209/us-east4/companionSummarize-2026-10-10T05:10:23.272Z"],"workRunningCount":1}
[debug] [2026-10-10T05:10:23.272Z] Accepted request POST /talk-therapy-509209/us-east4/companionSummarize --> us-east4-companionSummarize
[debug] [2026-10-10T05:10:23.273Z] [functions] Runtime ready! Sending request! {"metadata":{"emulator":{"name":"functions"},"message":"[functions] Runtime ready! Sending request!"}}
[debug] [2026-10-10T05:10:23.273Z] [functions] Got req.url=/talk-therapy-509209/us-east4/companionSummarize, mapping to path=/ {"metadata":{"emulator":{"name":"functions"},"message":"[functions] Got req.url=/talk-therapy-509209/us-east4/companionSummarize, mapping to path=/"}}
[debug] [2026-10-10T05:10:23.274Z] [worker-pool] submitRequest(triggerId=us-east4-companionSummarize) {"metadata":{"emulator":{"name":"functions"},"message":"[worker-pool] submitRequest(triggerId=us-east4-companionSummarize)"}}
[info] i  functions: Beginning execution of "us-east4-companionSummarize" {"metadata":{"emulator":{"name":"functions"},"function":{"name":"us-east4-companionSummarize"},"extension":{},"message":"Beginning execution of \"us-east4-companionSummarize\""}}
[debug] [2026-10-10T05:10:23.274Z] [worker-us-east4-companionSummarize-6d0b1cb6-dbd1-42e7-9af4-d395c5bb524e]: BUSY {"metadata":{"emulator":{"name":"functions"},"function":{"name":"us-east4-companionSummarize"},"extension":{},"message":"[worker-us-east4-companionSummarize-6d0b1cb6-dbd1-42e7-9af4-d395c5bb524e]: BUSY"}}
[debug] [2026-10-10T05:10:23.277Z] Finishing up request with event=pause {"metadata":{"emulator":{"name":"functions"},"function":{"name":"us-east4-companionSummarize"},"extension":{},"message":"Finishing up request with event=pause"}}
[info] i  functions: Finished "us-east4-companionSummarize" in 3.7475ms {"metadata":{"emulator":{"name":"functions"},"function":{"name":"us-east4-companionSummarize"},"extension":{},"message":"Finished \"us-east4-companionSummarize\" in 3.7475ms"}}
[debug] [2026-10-10T05:10:23.278Z] [worker-us-east4-companionSummarize-6d0b1cb6-dbd1-42e7-9af4-d395c5bb524e]: IDLE {"metadata":{"emulator":{"name":"functions"},"function":{"name":"us-east4-companionSummarize"},"extension":{},"message":"[worker-us-east4-companionSummarize-6d0b1cb6-dbd1-42e7-9af4-d395c5bb524e]: IDLE"}}
[debug] [2026-10-10T05:10:23.278Z] Finishing up request with event=finish {"metadata":{"emulator":{"name":"functions"},"function":{"name":"us-east4-companionSummarize"},"extension":{},"message":"Finishing up request with event=finish"}}
[debug] [2026-10-10T05:10:23.278Z] Finishing up request with event=close {"metadata":{"emulator":{"name":"functions"},"function":{"name":"us-east4-companionSummarize"},"extension":{},"message":"Finishing up request with event=close"}}
[debug] [2026-10-10T05:10:23.278Z] [work-queue] {"queuedWork":[],"queueLength":0,"runningWork":[],"workRunningCount":0}
[debug] [2026-10-10T05:10:23.279Z] [work-queue] {"queuedWork":["/talk-therapy-509209/us-east4/companionSummarize-2026-10-10T05:10:23.279Z"],"queueLength":1,"runningWork":[],"workRunningCount":0}
[debug] [2026-10-10T05:10:23.279Z] [work-queue] {"queuedWork":[],"queueLength":0,"runningWork":["/talk-therapy-509209/us-east4/companionSummarize-2026-10-10T05:10:23.279Z"],"workRunningCount":1}
[debug] [2026-10-10T05:10:23.279Z] Accepted request POST /talk-therapy-509209/us-east4/companionSummarize --> us-east4-companionSummarize
[debug] [2026-10-10T05:10:23.282Z] [functions] Runtime ready! Sending request! {"metadata":{"emulator":{"name":"functions"},"message":"[functions] Runtime ready! Sending request!"}}
[debug] [2026-10-10T05:10:23.282Z] [functions] Got req.url=/talk-therapy-509209/us-east4/companionSummarize, mapping to path=/ {"metadata":{"emulator":{"name":"functions"},"message":"[functions] Got req.url=/talk-therapy-509209/us-east4/companionSummarize, mapping to path=/"}}
[debug] [2026-10-10T05:10:23.282Z] [worker-pool] submitRequest(triggerId=us-east4-companionSummarize) {"metadata":{"emulator":{"name":"functions"},"message":"[worker-pool] submitRequest(triggerId=us-east4-companionSummarize)"}}
[info] i  functions: Beginning execution of "us-east4-companionSummarize" {"metadata":{"emulator":{"name":"functions"},"function":{"name":"us-east4-companionSummarize"},"extension":{},"message":"Beginning execution of \"us-east4-companionSummarize\""}}
[debug] [2026-10-10T05:10:23.282Z] [worker-us-east4-companionSummarize-6d0b1cb6-dbd1-42e7-9af4-d395c5bb524e]: BUSY {"metadata":{"emulator":{"name":"functions"},"function":{"name":"us-east4-companionSummarize"},"extension":{},"message":"[worker-us-east4-companionSummarize-6d0b1cb6-dbd1-42e7-9af4-d395c5bb524e]: BUSY"}}
[debug] [2026-10-10T05:10:23.285Z] Finishing up request with event=pause {"metadata":{"emulator":{"name":"functions"},"function":{"name":"us-east4-companionSummarize"},"extension":{},"message":"Finishing up request with event=pause"}}
[info] i  functions: Finished "us-east4-companionSummarize" in 2.9041ms {"metadata":{"emulator":{"name":"functions"},"function":{"name":"us-east4-companionSummarize"},"extension":{},"message":"Finished \"us-east4-companionSummarize\" in 2.9041ms"}}
[debug] [2026-10-10T05:10:23.285Z] [worker-us-east4-companionSummarize-6d0b1cb6-dbd1-42e7-9af4-d395c5bb524e]: IDLE {"metadata":{"emulator":{"name":"functions"},"function":{"name":"us-east4-companionSummarize"},"extension":{},"message":"[worker-us-east4-companionSummarize-6d0b1cb6-dbd1-42e7-9af4-d395c5bb524e]: IDLE"}}
[debug] [2026-10-10T05:10:23.285Z] Finishing up request with event=finish {"metadata":{"emulator":{"name":"functions"},"function":{"name":"us-east4-companionSummarize"},"extension":{},"message":"Finishing up request with event=finish"}}
[debug] [2026-10-10T05:10:23.286Z] Finishing up request with event=close {"metadata":{"emulator":{"name":"functions"},"function":{"name":"us-east4-companionSummarize"},"extension":{},"message":"Finishing up request with event=close"}}
[debug] [2026-10-10T05:10:23.286Z] [work-queue] {"queuedWork":[],"queueLength":0,"runningWork":[],"workRunningCount":0}
[debug] [2026-10-10T05:10:23.286Z] [work-queue] {"queuedWork":["/talk-therapy-509209/us-east4/companionSpeak-2026-10-10T05:10:23.286Z"],"queueLength":1,"runningWork":[],"workRunningCount":0}
[debug] [2026-10-10T05:10:23.287Z] [work-queue] {"queuedWork":[],"queueLength":0,"runningWork":["/talk-therapy-509209/us-east4/companionSpeak-2026-10-10T05:10:23.286Z"],"workRunningCount":1}
[debug] [2026-10-10T05:10:23.287Z] Accepted request POST /talk-therapy-509209/us-east4/companionSpeak --> us-east4-companionSpeak
[debug] [2026-10-10T05:10:23.288Z] [functions] Runtime ready! Sending request! {"metadata":{"emulator":{"name":"functions"},"message":"[functions] Runtime ready! Sending request!"}}
[debug] [2026-10-10T05:10:23.289Z] [functions] Got req.url=/talk-therapy-509209/us-east4/companionSpeak, mapping to path=/ {"metadata":{"emulator":{"name":"functions"},"message":"[functions] Got req.url=/talk-therapy-509209/us-east4/companionSpeak, mapping to path=/"}}
[info] i  functions: Loaded environment variables from .env, .env.local. 
[debug] [2026-10-10T05:10:23.299Z] [worker-pool] addWorker(us-east4-companionSpeak) {"metadata":{"emulator":{"name":"functions"},"message":"[worker-pool] addWorker(us-east4-companionSpeak)"}}
[debug] [2026-10-10T05:10:23.299Z] [worker-pool] Adding worker with key us-east4-companionSpeak, total=1 {"metadata":{"emulator":{"name":"functions"},"message":"[worker-pool] Adding worker with key us-east4-companionSpeak, total=1"}}
[debug] [2026-10-10T05:10:25.957Z] [runtime-status] [7192] Resolved module firebase-admin {"declared":true,"installed":true,"version":"13.10.0","resolution":"C:\\Projects\\talktherapy\\functions\\node_modules\\firebase-admin\\lib\\index.js"} {"metadata":{"emulator":{"name":"functions"},"function":{"name":"us-east4-companionSpeak"},"extension":{},"message":"[runtime-status] [7192] Resolved module firebase-admin {\"declared\":true,\"installed\":true,\"version\":\"13.10.0\",\"resolution\":\"C:\\\\Projects\\\\talktherapy\\\\functions\\\\node_modules\\\\firebase-admin\\\\lib\\\\index.js\"}"}}
[debug] [2026-10-10T05:10:25.961Z] [runtime-status] [7192] Resolved module firebase-functions {"declared":true,"installed":true,"version":"6.6.0","resolution":"C:\\Projects\\talktherapy\\functions\\node_modules\\firebase-functions\\lib\\v2\\index.js"} {"metadata":{"emulator":{"name":"functions"},"function":{"name":"us-east4-companionSpeak"},"extension":{},"message":"[runtime-status] [7192] Resolved module firebase-functions {\"declared\":true,\"installed\":true,\"version\":\"6.6.0\",\"resolution\":\"C:\\\\Projects\\\\talktherapy\\\\functions\\\\node_modules\\\\firebase-functions\\\\lib\\\\v2\\\\index.js\"}"}}
[debug] [2026-10-10T05:10:25.962Z] [runtime-status] [7192] Outgoing network have been stubbed. [{"name":"http","status":"mocked"},{"name":"http","status":"mocked"},{"name":"https","status":"mocked"},{"name":"https","status":"mocked"},{"name":"net","status":"mocked"}] {"metadata":{"emulator":{"name":"functions"},"function":{"name":"us-east4-companionSpeak"},"extension":{},"message":"[runtime-status] [7192] Outgoing network have been stubbed. [{\"name\":\"http\",\"status\":\"mocked\"},{\"name\":\"http\",\"status\":\"mocked\"},{\"name\":\"https\",\"status\":\"mocked\"},{\"name\":\"https\",\"status\":\"mocked\"},{\"name\":\"net\",\"status\":\"mocked\"}]"}}
[debug] [2026-10-10T05:10:25.964Z] [runtime-status] [7192] Resolved module firebase-functions {"declared":true,"installed":true,"version":"6.6.0","resolution":"C:\\Projects\\talktherapy\\functions\\node_modules\\firebase-functions\\lib\\v2\\index.js"} {"metadata":{"emulator":{"name":"functions"},"function":{"name":"us-east4-companionSpeak"},"extension":{},"message":"[runtime-status] [7192] Resolved module firebase-functions {\"declared\":true,\"installed\":true,\"version\":\"6.6.0\",\"resolution\":\"C:\\\\Projects\\\\talktherapy\\\\functions\\\\node_modules\\\\firebase-functions\\\\lib\\\\v2\\\\index.js\"}"}}
[debug] [2026-10-10T05:10:26.361Z] [runtime-status] [7192] Resolved module firebase-admin {"declared":true,"installed":true,"version":"13.10.0","resolution":"C:\\Projects\\talktherapy\\functions\\node_modules\\firebase-admin\\lib\\index.js"} {"metadata":{"emulator":{"name":"functions"},"function":{"name":"us-east4-companionSpeak"},"extension":{},"message":"[runtime-status] [7192] Resolved module firebase-admin {\"declared\":true,\"installed\":true,\"version\":\"13.10.0\",\"resolution\":\"C:\\\\Projects\\\\talktherapy\\\\functions\\\\node_modules\\\\firebase-admin\\\\lib\\\\index.js\"}"}}
[debug] [2026-10-10T05:10:26.366Z] [runtime-status] [7192] Resolved module firebase-functions {"declared":true,"installed":true,"version":"6.6.0","resolution":"C:\\Projects\\talktherapy\\functions\\node_modules\\firebase-functions\\lib\\v2\\index.js"} {"metadata":{"emulator":{"name":"functions"},"function":{"name":"us-east4-companionSpeak"},"extension":{},"message":"[runtime-status] [7192] Resolved module firebase-functions {\"declared\":true,\"installed\":true,\"version\":\"6.6.0\",\"resolution\":\"C:\\\\Projects\\\\talktherapy\\\\functions\\\\node_modules\\\\firebase-functions\\\\lib\\\\v2\\\\index.js\"}"}}
[debug] [2026-10-10T05:10:26.618Z] [runtime-status] [7192] firebase-admin has been stubbed. {"adminResolution":{"declared":true,"installed":true,"version":"13.10.0","resolution":"C:\\Projects\\talktherapy\\functions\\node_modules\\firebase-admin\\lib\\index.js"}} {"metadata":{"emulator":{"name":"functions"},"function":{"name":"us-east4-companionSpeak"},"extension":{},"message":"[runtime-status] [7192] firebase-admin has been stubbed. {\"adminResolution\":{\"declared\":true,\"installed\":true,\"version\":\"13.10.0\",\"resolution\":\"C:\\\\Projects\\\\talktherapy\\\\functions\\\\node_modules\\\\firebase-admin\\\\lib\\\\index.js\"}}"}}
[debug] [2026-10-10T05:10:26.729Z] [runtime-status] [7192] Functions runtime initialized. {"cwd":"C:\\Projects\\talktherapy\\functions","node_version":"24.11.1"} {"metadata":{"emulator":{"name":"functions"},"function":{"name":"us-east4-companionSpeak"},"extension":{},"message":"[runtime-status] [7192] Functions runtime initialized. {\"cwd\":\"C:\\\\Projects\\\\talktherapy\\\\functions\",\"node_version\":\"24.11.1\"}"}}
[debug] [2026-10-10T05:10:26.730Z] [runtime-status] [7192] Listening to port: \\?\pipe\fire_emu_775e90d1ea14efa8 {"metadata":{"emulator":{"name":"functions"},"function":{"name":"us-east4-companionSpeak"},"extension":{},"message":"[runtime-status] [7192] Listening to port: \\\\?\\pipe\\fire_emu_775e90d1ea14efa8"}}
[debug] [2026-10-10T05:10:26.772Z] [worker-us-east4-companionSpeak-eb6ebb76-a95a-4b16-b143-481311fe8ce2]: IDLE {"metadata":{"emulator":{"name":"functions"},"function":{"name":"us-east4-companionSpeak"},"extension":{},"message":"[worker-us-east4-companionSpeak-eb6ebb76-a95a-4b16-b143-481311fe8ce2]: IDLE"}}
[debug] [2026-10-10T05:10:26.772Z] [worker-pool] submitRequest(triggerId=us-east4-companionSpeak) {"metadata":{"emulator":{"name":"functions"},"message":"[worker-pool] submitRequest(triggerId=us-east4-companionSpeak)"}}
[info] i  functions: Beginning execution of "us-east4-companionSpeak" {"metadata":{"emulator":{"name":"functions"},"function":{"name":"us-east4-companionSpeak"},"extension":{},"message":"Beginning execution of \"us-east4-companionSpeak\""}}
[debug] [2026-10-10T05:10:26.773Z] [worker-us-east4-companionSpeak-eb6ebb76-a95a-4b16-b143-481311fe8ce2]: BUSY {"metadata":{"emulator":{"name":"functions"},"function":{"name":"us-east4-companionSpeak"},"extension":{},"message":"[worker-us-east4-companionSpeak-eb6ebb76-a95a-4b16-b143-481311fe8ce2]: BUSY"}}
[debug] [2026-10-10T05:10:27.180Z] Finishing up request with event=pause {"metadata":{"emulator":{"name":"functions"},"function":{"name":"us-east4-companionSpeak"},"extension":{},"message":"Finishing up request with event=pause"}}
[info] i  functions: Finished "us-east4-companionSpeak" in 407.3483ms {"metadata":{"emulator":{"name":"functions"},"function":{"name":"us-east4-companionSpeak"},"extension":{},"message":"Finished \"us-east4-companionSpeak\" in 407.3483ms"}}
[debug] [2026-10-10T05:10:27.180Z] [worker-us-east4-companionSpeak-eb6ebb76-a95a-4b16-b143-481311fe8ce2]: IDLE {"metadata":{"emulator":{"name":"functions"},"function":{"name":"us-east4-companionSpeak"},"extension":{},"message":"[worker-us-east4-companionSpeak-eb6ebb76-a95a-4b16-b143-481311fe8ce2]: IDLE"}}
[debug] [2026-10-10T05:10:27.180Z] Finishing up request with event=finish {"metadata":{"emulator":{"name":"functions"},"function":{"name":"us-east4-companionSpeak"},"extension":{},"message":"Finishing up request with event=finish"}}
[debug] [2026-10-10T05:10:27.181Z] Finishing up request with event=close {"metadata":{"emulator":{"name":"functions"},"function":{"name":"us-east4-companionSpeak"},"extension":{},"message":"Finishing up request with event=close"}}
[debug] [2026-10-10T05:10:27.181Z] [work-queue] {"queuedWork":[],"queueLength":0,"runningWork":[],"workRunningCount":0}
